Archive member included to satisfy reference by file (symbol)

.pio/build/bluepill_f103c8/libf8d/libLiquidCrystal_I2C.a(LiquidCrystal_I2C.cpp.o)
                              .pio/build/bluepill_f103c8/src/display.cpp.o (LiquidCrystal_I2C::LiquidCrystal_I2C(unsigned char, unsigned char, unsigned char))
.pio/build/bluepill_f103c8/liba69/libEEPROM.a(stm32_eeprom.c.o)
                              .pio/build/bluepill_f103c8/src/memory.cpp.o (eeprom_read_byte)
.pio/build/bluepill_f103c8/libFrameworkArduino.a(Print.cpp.o)
                              .pio/build/bluepill_f103c8/libf8d/libLiquidCrystal_I2C.a(LiquidCrystal_I2C.cpp.o) (Print::write(unsigned char const*, unsigned int))
.pio/build/bluepill_f103c8/libFrameworkArduino.a(WInterrupts.cpp.o)
                              .pio/build/bluepill_f103c8/src/encoder.cpp.o (attachInterrupt(unsigned long, std::function<void ()>, unsigned long))
.pio/build/bluepill_f103c8/libFrameworkArduino.a(main.cpp.o)
                              /home/alpri/.platformio/packages/toolchain-gccarmnoneeabi/bin/../lib/gcc/arm-none-eabi/12.3.1/../../../../arm-none-eabi/lib/thumb/v7-m/nofp/crt0.o (main)
.pio/build/bluepill_f103c8/libFrameworkArduino.a(pins_arduino.c.o)
                              .pio/build/bluepill_f103c8/SrcWrapper/src/HardwareTimer.cpp.o (pinNametoDigitalPin)
.pio/build/bluepill_f103c8/libFrameworkArduino.a(wiring_analog.c.o)
                              .pio/build/bluepill_f103c8/src/absolute_encoder.cpp.o (analogRead)
.pio/build/bluepill_f103c8/libFrameworkArduino.a(wiring_digital.c.o)
                              .pio/build/bluepill_f103c8/SrcWrapper/src/HardwareTimer.cpp.o (pinMode)
.pio/build/bluepill_f103c8/libFrameworkArduino.a(wiring_time.c.o)
                              .pio/build/bluepill_f103c8/src/absolute_encoder.cpp.o (millis)
.pio/build/bluepill_f103c8/libFrameworkArduino.a(WSerial.cpp.o)
                              .pio/build/bluepill_f103c8/libFrameworkArduino.a(main.cpp.o) (serialEventRun())
.pio/build/bluepill_f103c8/libFrameworkArduino.a(board.c.o)
                              .pio/build/bluepill_f103c8/libFrameworkArduino.a(main.cpp.o) (init)
.pio/build/bluepill_f103c8/libFrameworkArduino.a(hooks.c.o)
                              .pio/build/bluepill_f103c8/libFrameworkArduino.a(wiring_time.c.o) (yield)
.pio/build/bluepill_f103c8/libFrameworkArduino.a(HardwareSerial.cpp.o)
                              .pio/build/bluepill_f103c8/libFrameworkArduino.a(WSerial.cpp.o) (HardwareSerial::available())
.pio/build/bluepill_f103c8/libFrameworkArduino.a(Stream.cpp.o)
                              .pio/build/bluepill_f103c8/libFrameworkArduino.a(HardwareSerial.cpp.o) (Stream::readBytes(char*, unsigned int))
.pio/build/bluepill_f103c8/libFrameworkArduino.a(WString.cpp.o)
                              .pio/build/bluepill_f103c8/libFrameworkArduino.a(Stream.cpp.o) (String::String(char const*))
.pio/build/bluepill_f103c8/libFrameworkArduino.a(dtostrf.c.o)
                              .pio/build/bluepill_f103c8/libFrameworkArduino.a(WString.cpp.o) (dtostrf)
.pio/build/bluepill_f103c8/libFrameworkArduino.a(itoa.c.o)
                              .pio/build/bluepill_f103c8/libFrameworkArduino.a(WString.cpp.o) (ltoa)
/home/alpri/.platformio/packages/toolchain-gccarmnoneeabi/bin/../lib/gcc/arm-none-eabi/12.3.1/thumb/v7-m/nofp/libgcc.a(_arm_muldf3.o)
                              .pio/build/bluepill_f103c8/SrcWrapper/src/HardwareTimer.cpp.o (__aeabi_dmul)
/home/alpri/.platformio/packages/toolchain-gccarmnoneeabi/bin/../lib/gcc/arm-none-eabi/12.3.1/thumb/v7-m/nofp/libgcc.a(_arm_mulsf3.o)
                              .pio/build/bluepill_f103c8/src/absolute_encoder.cpp.o (__aeabi_fmul)
/home/alpri/.platformio/packages/toolchain-gccarmnoneeabi/bin/../lib/gcc/arm-none-eabi/12.3.1/thumb/v7-m/nofp/libgcc.a(_arm_addsubdf3.o)
                              .pio/build/bluepill_f103c8/libFrameworkArduino.a(Print.cpp.o) (__aeabi_dsub)
/home/alpri/.platformio/packages/toolchain-gccarmnoneeabi/bin/../lib/gcc/arm-none-eabi/12.3.1/thumb/v7-m/nofp/libgcc.a(_arm_muldivdf3.o)
                              .pio/build/bluepill_f103c8/SrcWrapper/src/HardwareTimer.cpp.o (__aeabi_ddiv)
/home/alpri/.platformio/packages/toolchain-gccarmnoneeabi/bin/../lib/gcc/arm-none-eabi/12.3.1/thumb/v7-m/nofp/libgcc.a(_arm_cmpdf2.o)
                              .pio/build/bluepill_f103c8/libFrameworkArduino.a(Print.cpp.o) (__aeabi_dcmplt)
/home/alpri/.platformio/packages/toolchain-gccarmnoneeabi/bin/../lib/gcc/arm-none-eabi/12.3.1/thumb/v7-m/nofp/libgcc.a(_arm_unorddf2.o)
                              .pio/build/bluepill_f103c8/libFrameworkArduino.a(Print.cpp.o) (__aeabi_dcmpun)
/home/alpri/.platformio/packages/toolchain-gccarmnoneeabi/bin/../lib/gcc/arm-none-eabi/12.3.1/thumb/v7-m/nofp/libgcc.a(_arm_fixdfsi.o)
                              .pio/build/bluepill_f103c8/libFrameworkArduino.a(dtostrf.c.o) (__aeabi_d2iz)
[...]
Memory Configuration

Name             Origin             Length             Attributes
*default*        0x00000000         0xffffffff
RAM              0x20000000         0x00005000         xrw
FLASH            0x08000000         0x00010000         xr

Linker script and memory map

                0x20005000                        _estack = (ORIGIN (RAM) + LENGTH (RAM))
                0x00000200                        _Min_Heap_Size = 0x200
                0x00000400                        _Min_Stack_Size = 0x400

.isr_vector     0x08000000      0x10c
                0x08000000                        . = ALIGN (0x4)
 *(.isr_vector)
 .isr_vector    0x08000000      0x10c .pio/build/bluepill_f103c8/FrameworkArduinoVariant/startup_M200_f103xb.S.o
                0x08000000                g_pfnVectors
                0x0800010c                        . = ALIGN (0x4)

.text           0x08000110     0x7a54
                0x08000110                        . = ALIGN (0x4)
 *(.text)
 .text          0x08000110      0x378 /home/alpri/.platformio/packages/toolchain-gccarmnoneeabi/bin/../lib/gcc/arm-none-eabi/12.3.1/thumb/v7-m/nofp/libgcc.a(_arm_addsubdf3.o)
                0x08000110                __aeabi_drsub
                0x08000118                __aeabi_dsub
                0x08000118                __subdf3
                0x0800011c                __adddf3
                0x0800011c                __aeabi_dadd
                0x08000394                __aeabi_ui2d
                0x08000394                __floatunsidf
                0x080003b4                __floatsidf
                0x080003b4                __aeabi_i2d
                0x080003d8                __extendsfdf2
                0x080003d8                __aeabi_f2d
                0x0800041c                __aeabi_ul2d
                0x0800041c                __floatundidf
                0x0800042c                __floatdidf
                0x0800042c                __aeabi_l2d
 .text          0x08000488      0x424 /home/alpri/.platformio/packages/toolchain-gccarmnoneeabi/bin/../lib/gcc/arm-none-eabi/12.3.1/thumb/v7-m/nofp/libgcc.a(_arm_muldivdf3.o)
                0x08000488                __aeabi_dmul
                0x08000488                __muldf3
                0x080006dc                __aeabi_ddiv
                0x080006dc                __divdf3
 .text          0x080008ac       0xa0 /home/alpri/.platformio/packages/toolchain-gccarmnoneeabi/bin/../lib/gcc/arm-none-eabi/12.3.1/thumb/v7-m/nofp/libgcc.a(_arm_truncdfsf2.o)
                0x080008ac                __aeabi_d2f
                0x080008ac                __truncdfsf2
 .text          0x0800094c      0x21c /home/alpri/.platformio/packages/toolchain-gccarmnoneeabi/bin/../lib/gcc/arm-none-eabi/12.3.1/thumb/v7-m/nofp/libgcc.a(_arm_addsubsf3.o)
                0x0800094c                __aeabi_frsub
                0x08000954                __subsf3
                0x08000954                __aeabi_fsub
                0x08000958                __aeabi_fadd
                0x08000958                __addsf3
                0x08000ab8                __aeabi_ui2f
                0x08000ab8                __floatunsisf
                0x08000ac0                __aeabi_i2f
                0x08000ac0                __floatsisf
                0x08000adc                __floatundisf
                0x08000adc                __aeabi_ul2f
                0x08000aec                __floatdisf
                0x08000aec                __aeabi_l2f
 .text          0x08000b68      0x2a0 /home/alpri/.platformio/packages/toolchain-gccarmnoneeabi/bin/../lib/gcc/arm-none-eabi/12.3.1/thumb/v7-m/nofp/libgcc.a(_arm_muldivsf3.o)
                0x08000b68                __mulsf3
                0x08000b68                __aeabi_fmul
                0x08000cd0                __divsf3
                0x08000cd0                __aeabi_fdiv
 .text          0x08000e08       0xec /home/alpri/.platformio/packages/toolchain-gccarmnoneeabi/bin/../lib/gcc/arm-none-eabi/12.3.1/thumb/v7-m/nofp/libgcc.a(_arm_cmpsf2.o)
                0x08000e08                __gtsf2
                0x08000e08                __gesf2
                0x08000e10                __lesf2
                0x08000e10                __ltsf2
                0x08000e18                __nesf2
                0x08000e18                __eqsf2
                0x08000e18                __cmpsf2
                0x08000e78                __aeabi_cfrcmple
                0x08000e80                __aeabi_cfcmple
                0x08000e80                __aeabi_cfcmpeq
                0x08000e90                __aeabi_fcmpeq
                0x08000ea4                __aeabi_fcmplt
                0x08000eb8                __aeabi_fcmple
                0x08000ecc                __aeabi_fcmpge
                0x08000ee0                __aeabi_fcmpgt
 .text          0x08000ef4       0x2c /home/alpri/.platformio/packages/toolchain-gccarmnoneeabi/bin/../lib/gcc/arm-none-eabi/12.3.1/thumb/v7-m/nofp/libgcc.a(_arm_unordsf2.o)
                0x08000ef4                __aeabi_fcmpun
                0x08000ef4                __unordsf2
 .text          0x08000f20       0x40 /home/alpri/.platformio/packages/toolchain-gccarmnoneeabi/bin/../lib/gcc/arm-none-eabi/12.3.1/thumb/v7-m/nofp/libgcc.a(_arm_fixunssfsi.o)
                0x08000f20                __aeabi_f2uiz
                0x08000f20                __fixunssfsi
 .text          0x08000f60       0x14 /home/alpri/.platformio/packages/toolchain-gccarmnoneeabi/bin/../lib/gcc/arm-none-eabi/12.3.1/../../../../arm-none-eabi/lib/thumb/v7-m/nofp/libc_nano.a(libc_a-strcmp.o)
                0x08000f60                strcmp
 .text          0x08000f74       0x10 /home/alpri/.platformio/packages/toolchain-gccarmnoneeabi/bin/../lib/gcc/arm-none-eabi/12.3.1/../../../../arm-none-eabi/lib/thumb/v7-m/nofp/libc_nano.a(libc_a-strlen.o)
                0x08000f74                strlen
 *(.text*)
 .text.__do_global_dtors_aux
                0x08000f84       0x24 /home/alpri/.platformio/packages/toolchain-gccarmnoneeabi/bin/../lib/gcc/arm-none-eabi/12.3.1/thumb/v7-m/nofp/crtbegin.o
 .text.frame_dummy
                0x08000fa8       0x1c /home/alpri/.platformio/packages/toolchain-gccarmnoneeabi/bin/../lib/gcc/arm-none-eabi/12.3.1/thumb/v7-m/nofp/crtbegin.o
 .text.Reset_Handler
                0x08000fc4       0x60 .pio/build/bluepill_f103c8/FrameworkArduinoVariant/startup_M200_f103xb.S.o
                0x08000fc4                Reset_Handler
 .text.Default_Handler
                0x08001024        0x4 .pio/build/bluepill_f103c8/FrameworkArduinoVariant/startup_M200_f103xb.S.o
                0x08001024                RTC_Alarm_IRQHandler
                0x08001024                DebugMon_Handler
                0x08001024                HardFault_Handler
                0x08001024                PVD_IRQHandler
                0x08001024                PendSV_Handler
                0x08001024                NMI_Handler
                0x08001024                UsageFault_Handler
                0x08001024                ADC1_2_IRQHandler
                0x08001024                SPI1_IRQHandler
                0x08001024                TAMPER_IRQHandler
                0x08001024                DMA1_Channel4_IRQHandler
                0x08001024                RTC_IRQHandler
                0x08001024                DMA1_Channel7_IRQHandler
                0x08001024                CAN1_RX1_IRQHandler
                0x08001024                DMA1_Channel6_IRQHandler
                0x08001024                RCC_IRQHandler
                0x08001024                TIM1_TRG_COM_IRQHandler
                0x08001024                DMA1_Channel1_IRQHandler
                0x08001024                Default_Handler
                0x08001024                SPI2_IRQHandler
                0x08001024                MemManage_Handler
                0x08001024                SVC_Handler
                0x08001024                DMA1_Channel5_IRQHandler
                0x08001024                USB_LP_CAN1_RX0_IRQHandler
                0x08001024                USB_HP_CAN1_TX_IRQHandler
                0x08001024                DMA1_Channel3_IRQHandler
                0x08001024                WWDG_IRQHandler
                0x08001024                TIM1_BRK_IRQHandler
                0x08001024                DMA1_Channel2_IRQHandler
                0x08001024                CAN1_SCE_IRQHandler
                0x08001024                FLASH_IRQHandler
                0x08001024                BusFault_Handler
                0x08001024                USBWakeUp_IRQHandler
 .text.SystemClock_Config
                0x08001028       0x7c .pio/build/bluepill_f103c8/FrameworkArduinoVariant/variant_PILL_F103Cx.cpp.o
                0x08001028                SystemClock_Config
 .text.HAL_MspInit
                0x080010a4        0x2 .pio/build/bluepill_f103c8/SrcWrapper/src/HAL/stm32yyxx_hal.c.o
                0x080010a4                HAL_MspInit
 *fill*         0x080010a6        0x2 
 .text.HAL_InitTick
                0x080010a8       0x48 .pio/build/bluepill_f103c8/SrcWrapper/src/HAL/stm32yyxx_hal.c.o
                0x080010a8                HAL_InitTick
 .text.HAL_Init
                0x080010f0       0x24 .pio/build/bluepill_f103c8/SrcWrapper/src/HAL/stm32yyxx_hal.c.o
                0x080010f0                HAL_Init
 .text.HAL_IncTick
                0x08001114       0x18 .pio/build/bluepill_f103c8/SrcWrapper/src/HAL/stm32yyxx_hal.c.o
                0x08001114                HAL_IncTick
 .text.HAL_GetTick
                0x0800112c        0xc .pio/build/bluepill_f103c8/SrcWrapper/src/HAL/stm32yyxx_hal.c.o
                0x0800112c                HAL_GetTick
 .text.HAL_ADC_PollForConversion
                0x08001138      0x164 .pio/build/bluepill_f103c8/SrcWrapper/src/HAL/stm32yyxx_hal_adc.c.o
                0x08001138                HAL_ADC_PollForConversion
 .text.HAL_ADC_GetValue
                0x0800129c        0x6 .pio/build/bluepill_f103c8/SrcWrapper/src/HAL/stm32yyxx_hal_adc.c.o
                0x0800129c                HAL_ADC_GetValue
 *fill*         0x080012a2        0x2 
 .text.HAL_ADC_ConfigChannel
                0x080012a4       0xfc .pio/build/bluepill_f103c8/SrcWrapper/src/HAL/stm32yyxx_hal_adc.c.o
                0x080012a4                HAL_ADC_ConfigChannel
 .text.HAL_ADC_GetState
                0x080013a0        0x4 .pio/build/bluepill_f103c8/SrcWrapper/src/HAL/stm32yyxx_hal_adc.c.o
                0x080013a0                HAL_ADC_GetState
 .text.ADC_Enable
                0x080013a4       0x78 .pio/build/bluepill_f103c8/SrcWrapper/src/HAL/stm32yyxx_hal_adc.c.o
                0x080013a4                ADC_Enable
 .text.HAL_ADC_Start
                0x0800141c       0xc4 .pio/build/bluepill_f103c8/SrcWrapper/src/HAL/stm32yyxx_hal_adc.c.o
                0x0800141c                HAL_ADC_Start
 .text.ADC_ConversionStop_Disable
                0x080014e0       0x4c .pio/build/bluepill_f103c8/SrcWrapper/src/HAL/stm32yyxx_hal_adc.c.o
                0x080014e0                ADC_ConversionStop_Disable
 .text.HAL_ADC_Init
                0x0800152c       0xfc .pio/build/bluepill_f103c8/SrcWrapper/src/HAL/stm32yyxx_hal_adc.c.o
                0x0800152c                HAL_ADC_Init
 .text.HAL_ADC_DeInit
                0x08001628       0xc0 .pio/build/bluepill_f103c8/SrcWrapper/src/HAL/stm32yyxx_hal_adc.c.o
                0x08001628                HAL_ADC_DeInit
 .text.HAL_ADC_Stop
                0x080016e8       0x34 .pio/build/bluepill_f103c8/SrcWrapper/src/HAL/stm32yyxx_hal_adc.c.o
                0x080016e8                HAL_ADC_Stop
 .text.HAL_ADCEx_Calibration_Start
                0x0800171c       0xe0 .pio/build/bluepill_f103c8/SrcWrapper/src/HAL/stm32yyxx_hal_adc_ex.c.o
                0x0800171c                HAL_ADCEx_Calibration_Start
 .text.HAL_NVIC_SetPriorityGrouping
                0x080017fc       0x24 .pio/build/bluepill_f103c8/SrcWrapper/src/HAL/stm32yyxx_hal_cortex.c.o
                0x080017fc                HAL_NVIC_SetPriorityGrouping
 .text.HAL_NVIC_SetPriority
                0x08001820       0x60 .pio/build/bluepill_f103c8/SrcWrapper/src/HAL/stm32yyxx_hal_cortex.c.o
                0x08001820                HAL_NVIC_SetPriority
 .text.HAL_NVIC_EnableIRQ
                0x08001880       0x1c .pio/build/bluepill_f103c8/SrcWrapper/src/HAL/stm32yyxx_hal_cortex.c.o
                0x08001880                HAL_NVIC_EnableIRQ
 .text.HAL_NVIC_DisableIRQ
                0x0800189c       0x24 .pio/build/bluepill_f103c8/SrcWrapper/src/HAL/stm32yyxx_hal_cortex.c.o
                0x0800189c                HAL_NVIC_DisableIRQ
 .text.HAL_SYSTICK_Config
                0x080018c0       0x28 .pio/build/bluepill_f103c8/SrcWrapper/src/HAL/stm32yyxx_hal_cortex.c.o
                0x080018c0                HAL_SYSTICK_Config
 .text.HAL_NVIC_ClearPendingIRQ
                0x080018e8       0x1c .pio/build/bluepill_f103c8/SrcWrapper/src/HAL/stm32yyxx_hal_cortex.c.o
                0x080018e8                HAL_NVIC_ClearPendingIRQ
 .text.HAL_SYSTICK_Callback
                0x08001904        0x2 .pio/build/bluepill_f103c8/SrcWrapper/src/HAL/stm32yyxx_hal_cortex.c.o
                0x08001904                HAL_SYSTICK_Callback
 .text.HAL_SYSTICK_IRQHandler
                0x08001906        0x8 .pio/build/bluepill_f103c8/SrcWrapper/src/HAL/stm32yyxx_hal_cortex.c.o
                0x08001906                HAL_SYSTICK_IRQHandler
 .text.HAL_CRC_MspInit
                0x0800190e        0x2 .pio/build/bluepill_f103c8/SrcWrapper/src/HAL/stm32yyxx_hal_crc.c.o
                0x0800190e                HAL_CRC_MspInit
 .text.HAL_CRC_Init
                0x08001910       0x20 .pio/build/bluepill_f103c8/SrcWrapper/src/HAL/stm32yyxx_hal_crc.c.o
                0x08001910                HAL_CRC_Init
 .text.HAL_DMA_Abort
                0x08001930       0x3e .pio/build/bluepill_f103c8/SrcWrapper/src/HAL/stm32yyxx_hal_dma.c.o
                0x08001930                HAL_DMA_Abort
 *fill*         0x0800196e        0x2 
 .text.HAL_DMA_Abort_IT
                0x08001970       0x8c .pio/build/bluepill_f103c8/SrcWrapper/src/HAL/stm32yyxx_hal_dma.c.o
                0x08001970                HAL_DMA_Abort_IT
 .text.HAL_DMA_GetState
                0x080019fc        0x6 .pio/build/bluepill_f103c8/SrcWrapper/src/HAL/stm32yyxx_hal_dma.c.o
                0x080019fc                HAL_DMA_GetState
 *fill*         0x08001a02        0x2 
 .text.FLASH_SetErrorCode
                0x08001a04       0x50 .pio/build/bluepill_f103c8/SrcWrapper/src/HAL/stm32yyxx_hal_flash.c.o
 .text.HAL_FLASH_Unlock
                0x08001a54       0x24 .pio/build/bluepill_f103c8/SrcWrapper/src/HAL/stm32yyxx_hal_flash.c.o
                0x08001a54                HAL_FLASH_Unlock
 .text.HAL_FLASH_Lock
                0x08001a78       0x14 .pio/build/bluepill_f103c8/SrcWrapper/src/HAL/stm32yyxx_hal_flash.c.o
                0x08001a78                HAL_FLASH_Lock
 .text.FLASH_WaitForLastOperation
                0x08001a8c       0x54 .pio/build/bluepill_f103c8/SrcWrapper/src/HAL/stm32yyxx_hal_flash.c.o
                0x08001a8c                FLASH_WaitForLastOperation
 .text.HAL_FLASH_Program
                0x08001ae0       0xa4 .pio/build/bluepill_f103c8/SrcWrapper/src/HAL/stm32yyxx_hal_flash.c.o
                0x08001ae0                HAL_FLASH_Program
 .text.FLASH_PageErase
                0x08001b84       0x24 .pio/build/bluepill_f103c8/SrcWrapper/src/HAL/stm32yyxx_hal_flash_ex.c.o
                0x08001b84                FLASH_PageErase
 .text.HAL_FLASHEx_Erase
                0x08001ba8       0xa8 .pio/build/bluepill_f103c8/SrcWrapper/src/HAL/stm32yyxx_hal_flash_ex.c.o
                0x08001ba8                HAL_FLASHEx_Erase
 .text.HAL_GPIO_Init
                0x08001c50      0x1b0 .pio/build/bluepill_f103c8/SrcWrapper/src/HAL/stm32yyxx_hal_gpio.c.o
                0x08001c50                HAL_GPIO_Init
 .text.HAL_GPIO_EXTI_IRQHandler
                0x08001e00       0x18 .pio/build/bluepill_f103c8/SrcWrapper/src/HAL/stm32yyxx_hal_gpio.c.o
                0x08001e00                HAL_GPIO_EXTI_IRQHandler
 .text.I2C_WaitOnFlagUntilTimeout
                0x08001e18       0x80 .pio/build/bluepill_f103c8/SrcWrapper/src/HAL/stm32yyxx_hal_i2c.c.o
 .text.HAL_I2C_MspDeInit
                0x08001e98        0x2 .pio/build/bluepill_f103c8/SrcWrapper/src/HAL/stm32yyxx_hal_i2c.c.o
                0x08001e98                HAL_I2C_MspDeInit
 .text.HAL_I2C_DeInit
                0x08001e9a       0x32 .pio/build/bluepill_f103c8/SrcWrapper/src/HAL/stm32yyxx_hal_i2c.c.o
                0x08001e9a                HAL_I2C_DeInit
 .text.HAL_I2C_IsDeviceReady
                0x08001ecc      0x160 .pio/build/bluepill_f103c8/SrcWrapper/src/HAL/stm32yyxx_hal_i2c.c.o
                0x08001ecc                HAL_I2C_IsDeviceReady
 .text.HAL_I2C_Master_Seq_Transmit_IT
                0x0800202c       0xd0 .pio/build/bluepill_f103c8/SrcWrapper/src/HAL/stm32yyxx_hal_i2c.c.o
                0x0800202c                HAL_I2C_Master_Seq_Transmit_IT
 .text.HAL_I2C_Slave_Seq_Transmit_IT
                0x080020fc       0x76 .pio/build/bluepill_f103c8/SrcWrapper/src/HAL/stm32yyxx_hal_i2c.c.o
                0x080020fc                HAL_I2C_Slave_Seq_Transmit_IT
 .text.HAL_I2C_Slave_Seq_Receive_IT
                0x08002172       0x76 .pio/build/bluepill_f103c8/SrcWrapper/src/HAL/stm32yyxx_hal_i2c.c.o
                0x08002172                HAL_I2C_Slave_Seq_Receive_IT
 .text.HAL_I2C_EnableListen_IT
                0x080021e8       0x36 .pio/build/bluepill_f103c8/SrcWrapper/src/HAL/stm32yyxx_hal_i2c.c.o
                0x080021e8                HAL_I2C_EnableListen_IT
 .text.HAL_I2C_MasterTxCpltCallback
                0x0800221e        0x2 .pio/build/bluepill_f103c8/SrcWrapper/src/HAL/stm32yyxx_hal_i2c.c.o
                0x0800221e                HAL_I2C_MasterTxCpltCallback
 .text.HAL_I2C_MasterRxCpltCallback
                0x08002220        0x2 .pio/build/bluepill_f103c8/SrcWrapper/src/HAL/stm32yyxx_hal_i2c.c.o
                0x08002220                HAL_I2C_MasterRxCpltCallback
 .text.HAL_I2C_MemTxCpltCallback
                0x08002222        0x2 .pio/build/bluepill_f103c8/SrcWrapper/src/HAL/stm32yyxx_hal_i2c.c.o
                0x08002222                HAL_I2C_MemTxCpltCallback
 .text.I2C_MemoryTransmit_TXE_BTF
                0x08002224       0xb6 .pio/build/bluepill_f103c8/SrcWrapper/src/HAL/stm32yyxx_hal_i2c.c.o
 .text.HAL_I2C_MemRxCpltCallback
                0x080022da        0x2 .pio/build/bluepill_f103c8/SrcWrapper/src/HAL/stm32yyxx_hal_i2c.c.o
                0x080022da                HAL_I2C_MemRxCpltCallback
 .text.HAL_I2C_AbortCpltCallback
                0x080022dc        0x2 .pio/build/bluepill_f103c8/SrcWrapper/src/HAL/stm32yyxx_hal_i2c.c.o
                0x080022dc                HAL_I2C_AbortCpltCallback
 *fill*         0x080022de        0x2 
 .text.I2C_DMAAbort
                0x080022e0       0xe4 .pio/build/bluepill_f103c8/SrcWrapper/src/HAL/stm32yyxx_hal_i2c.c.o
 .text.I2C_ITError
                0x080023c4      0x15c .pio/build/bluepill_f103c8/SrcWrapper/src/HAL/stm32yyxx_hal_i2c.c.o
 .text.HAL_I2C_EV_IRQHandler
                0x08002520      0x8d8 .pio/build/bluepill_f103c8/SrcWrapper/src/HAL/stm32yyxx_hal_i2c.c.o
                0x08002520                HAL_I2C_EV_IRQHandler
 .text.HAL_I2C_ER_IRQHandler
                0x08002df8      0x160 .pio/build/bluepill_f103c8/SrcWrapper/src/HAL/stm32yyxx_hal_i2c.c.o
                0x08002df8                HAL_I2C_ER_IRQHandler
 .text.HAL_I2C_GetState
                0x08002f58        0x6 .pio/build/bluepill_f103c8/SrcWrapper/src/HAL/stm32yyxx_hal_i2c.c.o
                0x08002f58                HAL_I2C_GetState
 .text.HAL_I2C_GetError
                0x08002f5e        0x4 .pio/build/bluepill_f103c8/SrcWrapper/src/HAL/stm32yyxx_hal_i2c.c.o
                0x08002f5e                HAL_I2C_GetError
 *fill*         0x08002f62        0x2 
 .text.HAL_RCC_OscConfig
                0x08002f64      0x338 .pio/build/bluepill_f103c8/SrcWrapper/src/HAL/stm32yyxx_hal_rcc.c.o
                0x08002f64                HAL_RCC_OscConfig
 .text.HAL_RCC_GetSysClockFreq
                0x0800329c       0x4c .pio/build/bluepill_f103c8/SrcWrapper/src/HAL/stm32yyxx_hal_rcc.c.o
                0x0800329c                HAL_RCC_GetSysClockFreq
 .text.HAL_RCC_ClockConfig
                0x080032e8      0x138 .pio/build/bluepill_f103c8/SrcWrapper/src/HAL/stm32yyxx_hal_rcc.c.o
                0x080032e8                HAL_RCC_ClockConfig
 .text.HAL_RCC_GetPCLK2Freq
                0x08003420       0x20 .pio/build/bluepill_f103c8/SrcWrapper/src/HAL/stm32yyxx_hal_rcc.c.o
                0x08003420                HAL_RCC_GetPCLK2Freq
 .text.HAL_RCCEx_PeriphCLKConfig
                0x08003440       0xf4 .pio/build/bluepill_f103c8/SrcWrapper/src/HAL/stm32yyxx_hal_rcc_ex.c.o
                0x08003440                HAL_RCCEx_PeriphCLKConfig
 .text.HAL_RCCEx_GetPeriphCLKFreq
                0x08003534       0xbc .pio/build/bluepill_f103c8/SrcWrapper/src/HAL/stm32yyxx_hal_rcc_ex.c.o
                0x08003534                HAL_RCCEx_GetPeriphCLKFreq
 .text.HAL_TIM_PWM_PulseFinishedCallback
                0x080035f0        0x2 .pio/build/bluepill_f103c8/SrcWrapper/src/HAL/stm32yyxx_hal_tim.c.o
                0x080035f0                HAL_TIM_PWM_PulseFinishedCallback
 .text.HAL_TIM_TriggerCallback
                0x080035f2        0x2 .pio/build/bluepill_f103c8/SrcWrapper/src/HAL/stm32yyxx_hal_tim.c.o
                0x080035f2                HAL_TIM_TriggerCallback
 .text.HAL_TIM_IRQHandler
                0x080035f4      0x128 .pio/build/bluepill_f103c8/SrcWrapper/src/HAL/stm32yyxx_hal_tim.c.o
                0x080035f4                HAL_TIM_IRQHandler
 .text.TIM_Base_SetConfig
                0x0800371c       0x64 .pio/build/bluepill_f103c8/SrcWrapper/src/HAL/stm32yyxx_hal_tim.c.o
                0x0800371c                TIM_Base_SetConfig
 .text.HAL_TIM_Base_Init
                0x08003780       0x58 .pio/build/bluepill_f103c8/SrcWrapper/src/HAL/stm32yyxx_hal_tim.c.o
                0x08003780                HAL_TIM_Base_Init
 .text.HAL_TIMEx_CommutCallback
                0x080037d8        0x2 .pio/build/bluepill_f103c8/SrcWrapper/src/HAL/stm32yyxx_hal_tim_ex.c.o
                0x080037d8                HAL_TIMEx_CommutCallback
 .text.HAL_TIMEx_BreakCallback
                0x080037da        0x2 .pio/build/bluepill_f103c8/SrcWrapper/src/HAL/stm32yyxx_hal_tim_ex.c.o
                0x080037da                HAL_TIMEx_BreakCallback
 .text.UART_EndRxTransfer
                0x080037dc       0x5c .pio/build/bluepill_f103c8/SrcWrapper/src/HAL/stm32yyxx_hal_uart.c.o
 .text.HAL_UART_Transmit_IT
                0x08003838       0x32 .pio/build/bluepill_f103c8/SrcWrapper/src/HAL/stm32yyxx_hal_uart.c.o
                0x08003838                HAL_UART_Transmit_IT
 .text.UART_DMAAbortOnError
                0x0800386a       0x10 .pio/build/bluepill_f103c8/SrcWrapper/src/HAL/stm32yyxx_hal_uart.c.o
 .text.HAL_UARTEx_RxEventCallback
                0x0800387a        0x2 .pio/build/bluepill_f103c8/SrcWrapper/src/HAL/stm32yyxx_hal_uart.c.o
                0x0800387a                HAL_UARTEx_RxEventCallback
 .text.UART_Receive_IT.isra.0
                0x0800387c       0xb6 .pio/build/bluepill_f103c8/SrcWrapper/src/HAL/stm32yyxx_hal_uart.c.o
 *fill*         0x08003932        0x2 
 .text.HAL_UART_IRQHandler
                0x08003934      0x2d8 .pio/build/bluepill_f103c8/SrcWrapper/src/HAL/stm32yyxx_hal_uart.c.o
                0x08003934                HAL_UART_IRQHandler
 .text.HAL_HalfDuplex_EnableTransmitter
                0x08003c0c       0x30 .pio/build/bluepill_f103c8/SrcWrapper/src/HAL/stm32yyxx_hal_uart.c.o
                0x08003c0c                HAL_HalfDuplex_EnableTransmitter
 .text.HAL_HalfDuplex_EnableReceiver
                0x08003c3c       0x30 .pio/build/bluepill_f103c8/SrcWrapper/src/HAL/stm32yyxx_hal_uart.c.o
                0x08003c3c                HAL_HalfDuplex_EnableReceiver
 .text.HAL_UART_GetState
                0x08003c6c        0xc .pio/build/bluepill_f103c8/SrcWrapper/src/HAL/stm32yyxx_hal_uart.c.o
                0x08003c6c                HAL_UART_GetState
 .text.UART_Start_Receive_IT
                0x08003c78       0x32 .pio/build/bluepill_f103c8/SrcWrapper/src/HAL/stm32yyxx_hal_uart.c.o
                0x08003c78                UART_Start_Receive_IT
 .text.HAL_UART_Receive_IT
                0x08003caa       0x22 .pio/build/bluepill_f103c8/SrcWrapper/src/HAL/stm32yyxx_hal_uart.c.o
                0x08003caa                HAL_UART_Receive_IT
 .text._ZNSt8functionIFvvEEaSEDn.isra.0
                0x08003ccc       0x16 .pio/build/bluepill_f103c8/SrcWrapper/src/HardwareTimer.cpp.o
 .text._ZNSt14_Function_baseD2Ev
                0x08003ce2       0x12 .pio/build/bluepill_f103c8/SrcWrapper/src/HardwareTimer.cpp.o
                0x08003ce2                std::_Function_base::~_Function_base()
                0x08003ce2                std::_Function_base::~_Function_base()
 .text._Z15get_timer_indexP11TIM_TypeDef
                0x08003cf4       0x34 .pio/build/bluepill_f103c8/SrcWrapper/src/HardwareTimer.cpp.o
                0x08003cf4                get_timer_index(TIM_TypeDef*)
 .text._ZN13HardwareTimerD2Ev
                0x08003d28       0x40 .pio/build/bluepill_f103c8/SrcWrapper/src/HardwareTimer.cpp.o
                0x08003d28                HardwareTimer::~HardwareTimer()
                0x08003d28                HardwareTimer::~HardwareTimer()
 .text._ZN13HardwareTimer5setupEP11TIM_TypeDef
                0x08003d68       0x84 .pio/build/bluepill_f103c8/SrcWrapper/src/HardwareTimer.cpp.o
                0x08003d68                HardwareTimer::setup(TIM_TypeDef*)
 .text.TIM1_UP_IRQHandler
                0x08003dec       0x14 .pio/build/bluepill_f103c8/SrcWrapper/src/HardwareTimer.cpp.o
                0x08003dec                TIM1_UP_IRQHandler
 .text.TIM1_CC_IRQHandler
                0x08003e00        0x4 .pio/build/bluepill_f103c8/SrcWrapper/src/HardwareTimer.cpp.o
                0x08003e00                TIM1_CC_IRQHandler
 .text.TIM2_IRQHandler
                0x08003e04       0x14 .pio/build/bluepill_f103c8/SrcWrapper/src/HardwareTimer.cpp.o
                0x08003e04                TIM2_IRQHandler
 .text.TIM3_IRQHandler
                0x08003e18       0x14 .pio/build/bluepill_f103c8/SrcWrapper/src/HardwareTimer.cpp.o
                0x08003e18                TIM3_IRQHandler
 .text.TIM4_IRQHandler
                0x08003e2c       0x14 .pio/build/bluepill_f103c8/SrcWrapper/src/HardwareTimer.cpp.o
                0x08003e2c                TIM4_IRQHandler
 .text._ZNSt8functionIFvvEEC2Ev
                0x08003e40        0xc .pio/build/bluepill_f103c8/SrcWrapper/src/HardwareTimer.cpp.o
                0x08003e40                std::function<void ()>::function()
                0x08003e40                std::function<void ()>::function()
 .text._ZN13HardwareTimerC2EP11TIM_TypeDef
                0x08003e4c       0x2a .pio/build/bluepill_f103c8/SrcWrapper/src/HardwareTimer.cpp.o
                0x08003e4c                HardwareTimer::HardwareTimer(TIM_TypeDef*)
                0x08003e4c                HardwareTimer::HardwareTimer(TIM_TypeDef*)
 .text._ZNSt8functionIFvvEEC2ERKS1_
                0x08003e76       0x24 .pio/build/bluepill_f103c8/SrcWrapper/src/HardwareTimer.cpp.o
                0x08003e76                std::function<void ()>::function(std::function<void ()> const&)
                0x08003e76                std::function<void ()>::function(std::function<void ()> const&)
 .text._ZNKSt8functionIFvvEEclEv
                0x08003e9a       0x12 .pio/build/bluepill_f103c8/SrcWrapper/src/HardwareTimer.cpp.o
                0x08003e9a                std::function<void ()>::operator()() const
 .text._ZN13HardwareTimer14updateCallbackEP17TIM_HandleTypeDef
                0x08003eac       0x18 .pio/build/bluepill_f103c8/SrcWrapper/src/HardwareTimer.cpp.o
                0x08003eac                HardwareTimer::updateCallback(TIM_HandleTypeDef*)
 .text.HAL_TIM_PeriodElapsedCallback
                0x08003ec4        0x4 .pio/build/bluepill_f103c8/SrcWrapper/src/HardwareTimer.cpp.o
                0x08003ec4                HAL_TIM_PeriodElapsedCallback
 .text._ZN13HardwareTimer22captureCompareCallbackEP17TIM_HandleTypeDef
                0x08003ec8       0x3e .pio/build/bluepill_f103c8/SrcWrapper/src/HardwareTimer.cpp.o
                0x08003ec8                HardwareTimer::captureCompareCallback(TIM_HandleTypeDef*)
 .text.HAL_TIM_OC_DelayElapsedCallback
                0x08003f06        0x4 .pio/build/bluepill_f103c8/SrcWrapper/src/HardwareTimer.cpp.o
                0x08003f06                HAL_TIM_OC_DelayElapsedCallback
 .text.HAL_TIM_IC_CaptureCallback
                0x08003f0a        0x4 .pio/build/bluepill_f103c8/SrcWrapper/src/HardwareTimer.cpp.o
                0x08003f0a                HAL_TIM_IC_CaptureCallback
 .text._Znwj    0x08003f0e        0x4 .pio/build/bluepill_f103c8/SrcWrapper/src/new.cpp.o
                0x08003f0e                operator new(unsigned int)
 .text._ZdlPvj  0x08003f12        0x4 .pio/build/bluepill_f103c8/SrcWrapper/src/new.cpp.o
                0x08003f12                operator delete(void*, unsigned int)
 *fill*         0x08003f16        0x2 
 .text.set_GPIO_Port_Clock
                0x08003f18       0xa8 .pio/build/bluepill_f103c8/SrcWrapper/src/stm32/PortNames.c.o
                0x08003f18                set_GPIO_Port_Clock
 .text.get_adc_channel
                0x08003fc0       0x18 .pio/build/bluepill_f103c8/SrcWrapper/src/stm32/analog.cpp.o
                0x08003fc0                get_adc_channel
 .text.get_adc_internal_channel
                0x08003fd8       0x1a .pio/build/bluepill_f103c8/SrcWrapper/src/stm32/analog.cpp.o
                0x08003fd8                get_adc_internal_channel
 *fill*         0x08003ff2        0x2 
 .text.HAL_ADC_MspInit
                0x08003ff4       0x64 .pio/build/bluepill_f103c8/SrcWrapper/src/stm32/analog.cpp.o
                0x08003ff4                HAL_ADC_MspInit
 .text.HAL_ADC_MspDeInit
                0x08004058       0x58 .pio/build/bluepill_f103c8/SrcWrapper/src/stm32/analog.cpp.o
                0x08004058                HAL_ADC_MspDeInit
 .text.adc_read_value
                0x080040b0      0x100 .pio/build/bluepill_f103c8/SrcWrapper/src/stm32/analog.cpp.o
                0x080040b0                adc_read_value
 .text.pwm_stop
                0x080041b0       0x5c .pio/build/bluepill_f103c8/SrcWrapper/src/stm32/analog.cpp.o
                0x080041b0                pwm_stop
 .text.getCurrentMicros
                0x0800420c       0x48 .pio/build/bluepill_f103c8/SrcWrapper/src/stm32/clock.c.o
                0x0800420c                getCurrentMicros
 .text.getCurrentMillis
                0x08004254        0x4 .pio/build/bluepill_f103c8/SrcWrapper/src/stm32/clock.c.o
                0x08004254                getCurrentMillis
 .text.noOsSystickHandler
                0x08004258        0x2 .pio/build/bluepill_f103c8/SrcWrapper/src/stm32/clock.c.o
                0x08004258                noOsSystickHandler
                0x08004258                osSystickHandler
 .text.SysTick_Handler
                0x0800425a       0x10 .pio/build/bluepill_f103c8/SrcWrapper/src/stm32/clock.c.o
                0x0800425a                SysTick_Handler
 .text.configHSECapacitorTuning
                0x0800426a        0x2 .pio/build/bluepill_f103c8/SrcWrapper/src/stm32/clock.c.o
                0x0800426a                configHSECapacitorTuning
 .text.configIPClock
                0x0800426c       0x44 .pio/build/bluepill_f103c8/SrcWrapper/src/stm32/clock.c.o
                0x0800426c                configIPClock
 .text.dwt_init
                0x080042b0       0x3c .pio/build/bluepill_f103c8/SrcWrapper/src/stm32/dwt.c.o
                0x080042b0                dwt_init
 .text.hw_config_init
                0x080042ec       0x24 .pio/build/bluepill_f103c8/SrcWrapper/src/stm32/hw_config.c.o
                0x080042ec                hw_config_init
 .text._ZNSt17_Function_handlerIFvvEPS0_E10_M_managerERSt9_Any_dataRKS3_St18_Manager_operation
                0x08004310       0x20 .pio/build/bluepill_f103c8/SrcWrapper/src/stm32/interrupt.cpp.o
                0x08004310                std::_Function_handler<void (), void (*)()>::_M_manager(std::_Any_data&, std::_Any_data const&, std::_Manager_operation)
 .text._ZNSt17_Function_handlerIFvvEPS0_E9_M_invokeERKSt9_Any_data
                0x08004330        0x4 .pio/build/bluepill_f103c8/SrcWrapper/src/stm32/interrupt.cpp.o
                0x08004330                std::_Function_handler<void (), void (*)()>::_M_invoke(std::_Any_data const&)
 .text.startup._ZNSt8functionIFvvEEC2EDn.constprop.0.isra.0
                0x08004334        0xc .pio/build/bluepill_f103c8/SrcWrapper/src/stm32/interrupt.cpp.o
 .text.HAL_GPIO_EXTI_Callback
                0x08004340       0x2c .pio/build/bluepill_f103c8/SrcWrapper/src/stm32/interrupt.cpp.o
                0x08004340                HAL_GPIO_EXTI_Callback
 .text.EXTI0_IRQHandler
                0x0800436c        0x6 .pio/build/bluepill_f103c8/SrcWrapper/src/stm32/interrupt.cpp.o
                0x0800436c                EXTI0_IRQHandler
 .text.EXTI1_IRQHandler
                0x08004372        0x6 .pio/build/bluepill_f103c8/SrcWrapper/src/stm32/interrupt.cpp.o
                0x08004372                EXTI1_IRQHandler
 .text.EXTI2_IRQHandler
                0x08004378        0x6 .pio/build/bluepill_f103c8/SrcWrapper/src/stm32/interrupt.cpp.o
                0x08004378                EXTI2_IRQHandler
 .text.EXTI3_IRQHandler
                0x0800437e        0x6 .pio/build/bluepill_f103c8/SrcWrapper/src/stm32/interrupt.cpp.o
                0x0800437e                EXTI3_IRQHandler
 .text.EXTI4_IRQHandler
                0x08004384        0x6 .pio/build/bluepill_f103c8/SrcWrapper/src/stm32/interrupt.cpp.o
                0x08004384                EXTI4_IRQHandler
 .text.EXTI9_5_IRQHandler
                0x0800438a       0x16 .pio/build/bluepill_f103c8/SrcWrapper/src/stm32/interrupt.cpp.o
                0x0800438a                EXTI9_5_IRQHandler
 .text.EXTI15_10_IRQHandler
                0x080043a0       0x18 .pio/build/bluepill_f103c8/SrcWrapper/src/stm32/interrupt.cpp.o
                0x080043a0                EXTI15_10_IRQHandler
 .text._Z22stm32_interrupt_enable7PinNameSt8functionIFvvEEm
                0x080043b8       0xd4 .pio/build/bluepill_f103c8/SrcWrapper/src/stm32/interrupt.cpp.o
                0x080043b8                stm32_interrupt_enable(PinName, std::function<void ()>, unsigned long)
 .text.startup._GLOBAL__sub_I__Z22stm32_interrupt_enable7PinNameSt8functionIFvvEEm
                0x0800448c       0xd8 .pio/build/bluepill_f103c8/SrcWrapper/src/stm32/interrupt.cpp.o
 .text.exit._GLOBAL__sub_D__Z22stm32_interrupt_enable7PinNameSt8functionIFvvEEm
                0x08004564       0x1c .pio/build/bluepill_f103c8/SrcWrapper/src/stm32/interrupt.cpp.o
 .text.pin_SetF1AFPin
                0x08004580      0x1f8 .pio/build/bluepill_f103c8/SrcWrapper/src/stm32/pinmap.c.o
 .text.LL_GPIO_SetPinMode
                0x08004778       0x2c .pio/build/bluepill_f103c8/SrcWrapper/src/stm32/pinmap.c.o
 .text.LL_GPIO_SetPinOutputType
                0x080047a4       0x2c .pio/build/bluepill_f103c8/SrcWrapper/src/stm32/pinmap.c.o
 .text.pin_in_pinmap
                0x080047d0       0x1e .pio/build/bluepill_f103c8/SrcWrapper/src/stm32/pinmap.c.o
                0x080047d0                pin_in_pinmap
 *fill*         0x080047ee        0x2 
 .text.pin_function
                0x080047f0      0x18c .pio/build/bluepill_f103c8/SrcWrapper/src/stm32/pinmap.c.o
                0x080047f0                pin_function
 .text.pinmap_pinout
                0x0800497c       0x1a .pio/build/bluepill_f103c8/SrcWrapper/src/stm32/pinmap.c.o
                0x0800497c                pinmap_pinout
 .text.pinmap_find_peripheral
                0x08004996       0x16 .pio/build/bluepill_f103c8/SrcWrapper/src/stm32/pinmap.c.o
                0x08004996                pinmap_find_peripheral
 .text.pinmap_peripheral
                0x080049ac        0xc .pio/build/bluepill_f103c8/SrcWrapper/src/stm32/pinmap.c.o
                0x080049ac                pinmap_peripheral
 .text.pinmap_find_pin
                0x080049b8       0x16 .pio/build/bluepill_f103c8/SrcWrapper/src/stm32/pinmap.c.o
                0x080049b8                pinmap_find_pin
 .text.pinmap_pin
                0x080049ce        0xc .pio/build/bluepill_f103c8/SrcWrapper/src/stm32/pinmap.c.o
                0x080049ce                pinmap_pin
 .text.pinmap_find_function
                0x080049da       0x16 .pio/build/bluepill_f103c8/SrcWrapper/src/stm32/pinmap.c.o
                0x080049da                pinmap_find_function
 .text.pinmap_function
                0x080049f0        0xa .pio/build/bluepill_f103c8/SrcWrapper/src/stm32/pinmap.c.o
                0x080049f0                pinmap_function
 *fill*         0x080049fa        0x2 
 .text.SystemInit
                0x080049fc       0x4c .pio/build/bluepill_f103c8/SrcWrapper/src/stm32/system_stm32yyxx.c.o
                0x080049fc                SystemInit
 .text.get_timer_obj
                0x08004a48        0x4 .pio/build/bluepill_f103c8/SrcWrapper/src/stm32/timer.c.o
                0x08004a48                get_timer_obj
 .text.enableTimerClock
                0x08004a4c       0x88 .pio/build/bluepill_f103c8/SrcWrapper/src/stm32/timer.c.o
                0x08004a4c                enableTimerClock
 .text.disableTimerClock
                0x08004ad4       0x5c .pio/build/bluepill_f103c8/SrcWrapper/src/stm32/timer.c.o
                0x08004ad4                disableTimerClock
 .text.getTimerUpIrq
                0x08004b30       0x40 .pio/build/bluepill_f103c8/SrcWrapper/src/stm32/timer.c.o
                0x08004b30                getTimerUpIrq
 .text.getTimerCCIrq
                0x08004b70       0x40 .pio/build/bluepill_f103c8/SrcWrapper/src/stm32/timer.c.o
                0x08004b70                getTimerCCIrq
 .text.HAL_TIM_Base_MspInit
                0x08004bb0       0x4e .pio/build/bluepill_f103c8/SrcWrapper/src/stm32/timer.c.o
                0x08004bb0                HAL_TIM_Base_MspInit
 *fill*         0x08004bfe        0x2 
 .text.serial_rx_active
                0x08004c00       0x24 .pio/build/bluepill_f103c8/SrcWrapper/src/stm32/uart.c.o
                0x08004c00                serial_rx_active
 .text.serial_tx_active
                0x08004c24       0x24 .pio/build/bluepill_f103c8/SrcWrapper/src/stm32/uart.c.o
                0x08004c24                serial_tx_active
 .text.uart_attach_tx_callback
                0x08004c48       0x40 .pio/build/bluepill_f103c8/SrcWrapper/src/stm32/uart.c.o
                0x08004c48                uart_attach_tx_callback
 .text.uart_enable_tx
                0x08004c88       0x1c .pio/build/bluepill_f103c8/SrcWrapper/src/stm32/uart.c.o
                0x08004c88                uart_enable_tx
 .text.uart_enable_rx
                0x08004ca4       0x1c .pio/build/bluepill_f103c8/SrcWrapper/src/stm32/uart.c.o
                0x08004ca4                uart_enable_rx
 .text.HAL_UART_RxCpltCallback
                0x08004cc0        0x6 .pio/build/bluepill_f103c8/SrcWrapper/src/stm32/uart.c.o
                0x08004cc0                HAL_UART_RxCpltCallback
 .text.HAL_UART_TxCpltCallback
                0x08004cc6        0x6 .pio/build/bluepill_f103c8/SrcWrapper/src/stm32/uart.c.o
                0x08004cc6                HAL_UART_TxCpltCallback
 .text.HAL_UART_ErrorCallback
                0x08004ccc       0x7c .pio/build/bluepill_f103c8/SrcWrapper/src/stm32/uart.c.o
                0x08004ccc                HAL_UART_ErrorCallback
 .text.USART1_IRQHandler
                0x08004d48       0x18 .pio/build/bluepill_f103c8/SrcWrapper/src/stm32/uart.c.o
                0x08004d48                USART1_IRQHandler
 .text.USART2_IRQHandler
                0x08004d60       0x1c .pio/build/bluepill_f103c8/SrcWrapper/src/stm32/uart.c.o
                0x08004d60                USART2_IRQHandler
 .text.USART3_IRQHandler
                0x08004d7c       0x1c .pio/build/bluepill_f103c8/SrcWrapper/src/stm32/uart.c.o
                0x08004d7c                USART3_IRQHandler
 .text._sbrk    0x08004d98       0x3c .pio/build/bluepill_f103c8/SrcWrapper/src/syscalls.c.o
                0x08004d98                _sbrk
 .text._exit    0x08004dd4        0x2 .pio/build/bluepill_f103c8/SrcWrapper/src/syscalls.c.o
                0x08004dd4                _exit
 *fill*         0x08004dd6        0x2 
 .text._kill    0x08004dd8       0x10 .pio/build/bluepill_f103c8/SrcWrapper/src/syscalls.c.o
                0x08004dd8                _kill
 .text._getpid  0x08004de8        0x4 .pio/build/bluepill_f103c8/SrcWrapper/src/syscalls.c.o
                0x08004de8                _getpid
 .text._ZN15AbsoluteEncoderC2Ehff
                0x08004dec       0x28 .pio/build/bluepill_f103c8/src/absolute_encoder.cpp.o
                0x08004dec                AbsoluteEncoder::AbsoluteEncoder(unsigned char, float, float)
                0x08004dec                AbsoluteEncoder::AbsoluteEncoder(unsigned char, float, float)
 *fill*         0x08004e14        0x4 
 .text._ZN15AbsoluteEncoder12readRawAngleEv
                0x08004e18       0x70 .pio/build/bluepill_f103c8/src/absolute_encoder.cpp.o
                0x08004e18                AbsoluteEncoder::readRawAngle()
 .text._ZN15AbsoluteEncoder20readRawAngleFilteredEv
                0x08004e88       0x3e .pio/build/bluepill_f103c8/src/absolute_encoder.cpp.o
                0x08004e88                AbsoluteEncoder::readRawAngleFiltered()
 *fill*         0x08004ec6        0x2 
 .text._ZN15AbsoluteEncoder9readAngleEv
                0x08004ec8       0x64 .pio/build/bluepill_f103c8/src/absolute_encoder.cpp.o
                0x08004ec8                AbsoluteEncoder::readAngle()
 .text._ZN15AbsoluteEncoder12readAngleIntEv
                0x08004f2c        0xe .pio/build/bluepill_f103c8/src/absolute_encoder.cpp.o
                0x08004f2c                AbsoluteEncoder::readAngleInt()
 .text._ZN15AbsoluteEncoder5beginEv
                0x08004f3a       0x16 .pio/build/bluepill_f103c8/src/absolute_encoder.cpp.o
                0x08004f3a                AbsoluteEncoder::begin()
 .text._ZN15AbsoluteEncoder7setZeroEv
                0x08004f50       0xec .pio/build/bluepill_f103c8/src/absolute_encoder.cpp.o
                0x08004f50                AbsoluteEncoder::setZero()
 .text._ZN6ButtonC2Ehm
                0x0800503c        0xe .pio/build/bluepill_f103c8/src/button.cpp.o
                0x0800503c                Button::Button(unsigned char, unsigned long)
                0x0800503c                Button::Button(unsigned char, unsigned long)
 .text._ZN6Button5beginEv
                0x0800504a        0x8 .pio/build/bluepill_f103c8/src/button.cpp.o
                0x0800504a                Button::begin()
 .text._ZN6Button9isPressedEv
                0x08005052       0x38 .pio/build/bluepill_f103c8/src/button.cpp.o
                0x08005052                Button::isPressed()
 .text._ZNK6Button18isCurrentlyPressedEv
                0x0800508a       0x10 .pio/build/bluepill_f103c8/src/button.cpp.o
                0x0800508a                Button::isCurrentlyPressed() const
 .text._ZN7DisplayC2Ehhh
                0x0800509a       0x40 .pio/build/bluepill_f103c8/src/display.cpp.o
                0x0800509a                Display::Display(unsigned char, unsigned char, unsigned char)
                0x0800509a                Display::Display(unsigned char, unsigned char, unsigned char)
 *fill*         0x080050da        0x2 
 .text._ZN7Display5beginEv
                0x080050dc       0x54 .pio/build/bluepill_f103c8/src/display.cpp.o
                0x080050dc                Display::begin()
 .text._ZN7Display7printAtEhht
                0x08005130       0x32 .pio/build/bluepill_f103c8/src/display.cpp.o
                0x08005130                Display::printAt(unsigned char, unsigned char, unsigned short)
 *fill*         0x08005162        0x2 
 .text._ZN7Display7printAtEhhfh
                0x08005164       0x44 .pio/build/bluepill_f103c8/src/display.cpp.o
                0x08005164                Display::printAt(unsigned char, unsigned char, float, unsigned char)
 .text._ZN7Display11showMessageEPKcS1_
                0x080051a8       0x38 .pio/build/bluepill_f103c8/src/display.cpp.o
                0x080051a8                Display::showMessage(char const*, char const*)
 .text._ZN7Display5clearEv
                0x080051e0       0x10 .pio/build/bluepill_f103c8/src/display.cpp.o
                0x080051e0                Display::clear()
 .text._ZN7Display13printMenuItemEhhPKcb
                0x080051f0       0xb8 .pio/build/bluepill_f103c8/src/display.cpp.o
                0x080051f0                Display::printMenuItem(unsigned char, unsigned char, char const*, bool)
 .text._ZN7Display17resetSplashScreenEv
                0x080052a8        0xc .pio/build/bluepill_f103c8/src/display.cpp.o
                0x080052a8                Display::resetSplashScreen()
 .text._ZN7Display16showSplashScreenEftbb
                0x080052b4      0x20c .pio/build/bluepill_f103c8/src/display.cpp.o
                0x080052b4                Display::showSplashScreen(float, unsigned short, bool, bool)
 .text._ZN7Display12showMainMenuEh
                0x080054c0       0x88 .pio/build/bluepill_f103c8/src/display.cpp.o
                0x080054c0                Display::showMainMenu(unsigned char)
 .text._ZN7Display16showSetAngleMenuEth
                0x08005548      0x134 .pio/build/bluepill_f103c8/src/display.cpp.o
                0x08005548                Display::showSetAngleMenu(unsigned short, unsigned char)
 .text._ZN7Display16showSettingsMenuEh
                0x0800567c       0x68 .pio/build/bluepill_f103c8/src/display.cpp.o
                0x0800567c                Display::showSettingsMenu(unsigned char)
 .text._ZN7Display12showSaveMenuEv
                0x080056e4       0x4c .pio/build/bluepill_f103c8/src/display.cpp.o
                0x080056e4                Display::showSaveMenu()
 .text._ZN7EncoderC2Ehh
                0x08005730       0x14 .pio/build/bluepill_f103c8/src/encoder.cpp.o
                0x08005730                Encoder::Encoder(unsigned char, unsigned char)
                0x08005730                Encoder::Encoder(unsigned char, unsigned char)
 .text._ZN7Encoder5beginEv
                0x08005744       0xd4 .pio/build/bluepill_f103c8/src/encoder.cpp.o
                0x08005744                Encoder::begin()
 .text._ZN7Encoder4readEv
                0x08005818       0x10 .pio/build/bluepill_f103c8/src/encoder.cpp.o
                0x08005818                Encoder::read()
 .text._ZN7Encoder7handleAEv
                0x08005828       0x24 .pio/build/bluepill_f103c8/src/encoder.cpp.o
                0x08005828                Encoder::handleA()
 .text._ZN7Encoder4isrAEv
                0x0800584c       0x10 .pio/build/bluepill_f103c8/src/encoder.cpp.o
                0x0800584c                Encoder::isrA()
 .text._ZN7Encoder7handleBEv
                0x0800585c       0x24 .pio/build/bluepill_f103c8/src/encoder.cpp.o
                0x0800585c                Encoder::handleB()
 .text._ZN7Encoder4isrBEv
                0x08005880       0x10 .pio/build/bluepill_f103c8/src/encoder.cpp.o
                0x08005880                Encoder::isrB()
 .text.setup    0x08005890       0xfc .pio/build/bluepill_f103c8/src/main.cpp.o
                0x08005890                setup
 .text.loop     0x0800598c      0x58c .pio/build/bluepill_f103c8/src/main.cpp.o
                0x0800598c                loop
 .text.startup._GLOBAL__sub_I_encoder
                0x08005f18       0xb0 .pio/build/bluepill_f103c8/src/main.cpp.o
 .text._ZN6MemoryC2Ell
                0x08005fc8        0x6 .pio/build/bluepill_f103c8/src/memory.cpp.o
                0x08005fc8                Memory::Memory(long, long)
                0x08005fc8                Memory::Memory(long, long)
 .text._ZN6Memory17calculateChecksumERK12SettingsData
                0x08005fce       0x2c .pio/build/bluepill_f103c8/src/memory.cpp.o
                0x08005fce                Memory::calculateChecksum(SettingsData const&)
 .text._ZN6Memory12loadSettingsERlRhS0_
                0x08005ffa       0x68 .pio/build/bluepill_f103c8/src/memory.cpp.o
                0x08005ffa                Memory::loadSettings(long&, unsigned char&, long&)
 .text._ZN6Memory12saveSettingsElhl
                0x08006062       0x38 .pio/build/bluepill_f103c8/src/memory.cpp.o
                0x08006062                Memory::saveSettings(long, unsigned char, long)
 .text._ZN4MenuC2Ev
                0x0800609a       0x16 .pio/build/bluepill_f103c8/src/menu.cpp.o
                0x0800609a                Menu::Menu()
                0x0800609a                Menu::Menu()
 .text._ZN4Menu17updateTargetAngleEt
                0x080060b0       0x70 .pio/build/bluepill_f103c8/src/menu.cpp.o
                0x080060b0                Menu::updateTargetAngle(unsigned short)
 .text._ZN4Menu12setDirectionE17RotationDirection
                0x08006120        0x4 .pio/build/bluepill_f103c8/src/menu.cpp.o
                0x08006120                Menu::setDirection(RotationDirection)
 .text._ZN4Menu22setStepperZeroPositionEl
                0x08006124       0x1a .pio/build/bluepill_f103c8/src/menu.cpp.o
                0x08006124                Menu::setStepperZeroPosition(long)
 .text._ZN4Menu16handleSplashMenuEbb
                0x0800613e        0x8 .pio/build/bluepill_f103c8/src/menu.cpp.o
                0x0800613e                Menu::handleSplashMenu(bool, bool)
 .text._ZN4Menu14handleMainMenuEsb
                0x08006146       0x4e .pio/build/bluepill_f103c8/src/menu.cpp.o
                0x08006146                Menu::handleMainMenu(short, bool)
 .text._ZN4Menu15updateDigitModeEb
                0x08006194       0x24 .pio/build/bluepill_f103c8/src/menu.cpp.o
                0x08006194                Menu::updateDigitMode(bool)
 .text._ZN4Menu18handleSetAngleMenuEsb
                0x080061b8       0xa0 .pio/build/bluepill_f103c8/src/menu.cpp.o
                0x080061b8                Menu::handleSetAngleMenu(short, bool)
 .text._ZN4Menu14setTargetAngleEt
                0x08006258       0x3c .pio/build/bluepill_f103c8/src/menu.cpp.o
                0x08006258                Menu::setTargetAngle(unsigned short)
 .text._ZN4Menu18handleSettingsMenuEsb
                0x08006294       0x30 .pio/build/bluepill_f103c8/src/menu.cpp.o
                0x08006294                Menu::handleSettingsMenu(short, bool)
 .text._ZN4Menu14handleSaveMenuEb
                0x080062c4       0x18 .pio/build/bluepill_f103c8/src/menu.cpp.o
                0x080062c4                Menu::handleSaveMenu(bool)
 .text._ZN4Menu16updateNavigationEsb
                0x080062dc       0x30 .pio/build/bluepill_f103c8/src/menu.cpp.o
                0x080062dc                Menu::updateNavigation(short, bool)
 .text._ZN4Menu15handleLongPressEv
                0x0800630c       0x18 .pio/build/bluepill_f103c8/src/menu.cpp.o
                0x0800630c                Menu::handleLongPress()
 .text._ZN9StartStopC2Ehhm
                0x08006324       0x14 .pio/build/bluepill_f103c8/src/start_stop.cpp.o
                0x08006324                StartStop::StartStop(unsigned char, unsigned char, unsigned long)
                0x08006324                StartStop::StartStop(unsigned char, unsigned char, unsigned long)
 .text._ZN9StartStop5beginEv
                0x08006338       0x20 .pio/build/bluepill_f103c8/src/start_stop.cpp.o
                0x08006338                StartStop::begin()
 .text._ZN9StartStop9isPressedEv
                0x08006358       0x36 .pio/build/bluepill_f103c8/src/start_stop.cpp.o
                0x08006358                StartStop::isPressed()
 .text._ZN9StartStop9updateLEDEv
                0x0800638e        0x8 .pio/build/bluepill_f103c8/src/start_stop.cpp.o
                0x0800638e                StartStop::updateLED()
 .text._ZN9StartStop6toggleEv
                0x08006396       0x20 .pio/build/bluepill_f103c8/src/start_stop.cpp.o
                0x08006396                StartStop::toggle()
 .text._ZN9StartStop8setStateEb
                0x080063b6        0x6 .pio/build/bluepill_f103c8/src/start_stop.cpp.o
                0x080063b6                StartStop::setState(bool)
 .text._ZN7StepperC2Ehhh
                0x080063bc       0x20 .pio/build/bluepill_f103c8/src/stepper.cpp.o
                0x080063bc                Stepper::Stepper(unsigned char, unsigned char, unsigned char)
                0x080063bc                Stepper::Stepper(unsigned char, unsigned char, unsigned char)
 .text._ZN7Stepper5beginEv
                0x080063dc       0x3a .pio/build/bluepill_f103c8/src/stepper.cpp.o
                0x080063dc                Stepper::begin()
 .text._ZN7Stepper10setEnabledEb
                0x08006416        0xc .pio/build/bluepill_f103c8/src/stepper.cpp.o
                0x08006416                Stepper::setEnabled(bool)
 .text._ZN7Stepper11setPositionEl
                0x08006422       0x24 .pio/build/bluepill_f103c8/src/stepper.cpp.o
                0x08006422                Stepper::setPosition(long)
 .text._ZN7Stepper18setDirectionInvertEb
                0x08006446        0x4 .pio/build/bluepill_f103c8/src/stepper.cpp.o
                0x08006446                Stepper::setDirectionInvert(bool)
 .text._ZN7Stepper19setDistanceToTargetEl
                0x0800644a        0xa .pio/build/bluepill_f103c8/src/stepper.cpp.o
                0x0800644a                Stepper::setDistanceToTarget(long)
 .text._ZN7Stepper20getPhysicalDirectionEl
                0x08006454       0x16 .pio/build/bluepill_f103c8/src/stepper.cpp.o
                0x08006454                Stepper::getPhysicalDirection(long)
 .text._ZN7Stepper4moveEl
                0x0800646a       0x1e .pio/build/bluepill_f103c8/src/stepper.cpp.o
                0x0800646a                Stepper::move(long)
 .text._ZN7Stepper15updateStepDelayEv
                0x08006488       0x4a .pio/build/bluepill_f103c8/src/stepper.cpp.o
                0x08006488                Stepper::updateStepDelay()
 .text._ZN7Stepper6doStepEv
                0x080064d2       0x86 .pio/build/bluepill_f103c8/src/stepper.cpp.o
                0x080064d2                Stepper::doStep()
 .text._ZN7Stepper6updateEv
                0x08006558       0x2e .pio/build/bluepill_f103c8/src/stepper.cpp.o
                0x08006558                Stepper::update()
 .text._ZN5Print17availableForWriteEv
                0x08006586        0x4 .pio/build/bluepill_f103c8/libf8d/libLiquidCrystal_I2C.a(LiquidCrystal_I2C.cpp.o)
                0x08006586                Print::availableForWrite()
 .text._ZN5Print5flushEv
                0x0800658a        0x2 .pio/build/bluepill_f103c8/libf8d/libLiquidCrystal_I2C.a(LiquidCrystal_I2C.cpp.o)
                0x0800658a                Print::flush()
 .text._ZN17LiquidCrystal_I2CC2Ehhh
                0x0800658c       0x1c .pio/build/bluepill_f103c8/libf8d/libLiquidCrystal_I2C.a(LiquidCrystal_I2C.cpp.o)
                0x0800658c                LiquidCrystal_I2C::LiquidCrystal_I2C(unsigned char, unsigned char, unsigned char)
                0x0800658c                LiquidCrystal_I2C::LiquidCrystal_I2C(unsigned char, unsigned char, unsigned char)
 .text._ZN17LiquidCrystal_I2C13expanderWriteEh
                0x080065a8       0x28 .pio/build/bluepill_f103c8/libf8d/libLiquidCrystal_I2C.a(LiquidCrystal_I2C.cpp.o)
                0x080065a8                LiquidCrystal_I2C::expanderWrite(unsigned char)
 .text._ZN17LiquidCrystal_I2C9backlightEv
                0x080065d0        0xa .pio/build/bluepill_f103c8/libf8d/libLiquidCrystal_I2C.a(LiquidCrystal_I2C.cpp.o)
                0x080065d0                LiquidCrystal_I2C::backlight()
 *fill*         0x080065da        0x2 
 .text._ZN17LiquidCrystal_I2C11pulseEnableEh
                0x080065dc       0x54 .pio/build/bluepill_f103c8/libf8d/libLiquidCrystal_I2C.a(LiquidCrystal_I2C.cpp.o)
                0x080065dc                LiquidCrystal_I2C::pulseEnable(unsigned char)
 .text._ZN17LiquidCrystal_I2C10write4bitsEh
                0x08006630       0x16 .pio/build/bluepill_f103c8/libf8d/libLiquidCrystal_I2C.a(LiquidCrystal_I2C.cpp.o)
                0x08006630                LiquidCrystal_I2C::write4bits(unsigned char)
 .text._ZN17LiquidCrystal_I2C4sendEhh
                0x08006646       0x22 .pio/build/bluepill_f103c8/libf8d/libLiquidCrystal_I2C.a(LiquidCrystal_I2C.cpp.o)
                0x08006646                LiquidCrystal_I2C::send(unsigned char, unsigned char)
 .text._ZN17LiquidCrystal_I2C5writeEh
                0x08006668        0xc .pio/build/bluepill_f103c8/libf8d/libLiquidCrystal_I2C.a(LiquidCrystal_I2C.cpp.o)
                0x08006668                LiquidCrystal_I2C::write(unsigned char)
 .text._ZN17LiquidCrystal_I2C7commandEh
                0x08006674        0x6 .pio/build/bluepill_f103c8/libf8d/libLiquidCrystal_I2C.a(LiquidCrystal_I2C.cpp.o)
                0x08006674                LiquidCrystal_I2C::command(unsigned char)
 *fill*         0x0800667a        0x2 
 .text._ZN17LiquidCrystal_I2C4homeEv
                0x0800667c       0x34 .pio/build/bluepill_f103c8/libf8d/libLiquidCrystal_I2C.a(LiquidCrystal_I2C.cpp.o)
                0x0800667c                LiquidCrystal_I2C::home()
 .text._ZN17LiquidCrystal_I2C9setCursorEhh
                0x080066b0       0x40 .pio/build/bluepill_f103c8/libf8d/libLiquidCrystal_I2C.a(LiquidCrystal_I2C.cpp.o)
                0x080066b0                LiquidCrystal_I2C::setCursor(unsigned char, unsigned char)
 .text._ZN17LiquidCrystal_I2C5clearEv
                0x080066f0       0x48 .pio/build/bluepill_f103c8/libf8d/libLiquidCrystal_I2C.a(LiquidCrystal_I2C.cpp.o)
                0x080066f0                LiquidCrystal_I2C::clear()
 .text._ZN17LiquidCrystal_I2C7displayEv
                0x08006738       0x14 .pio/build/bluepill_f103c8/libf8d/libLiquidCrystal_I2C.a(LiquidCrystal_I2C.cpp.o)
                0x08006738                LiquidCrystal_I2C::display()
 .text._ZN17LiquidCrystal_I2C10createCharEhPh
                0x0800674c       0x2a .pio/build/bluepill_f103c8/libf8d/libLiquidCrystal_I2C.a(LiquidCrystal_I2C.cpp.o)
                0x0800674c                LiquidCrystal_I2C::createChar(unsigned char, unsigned char*)
 *fill*         0x08006776        0x2 
 .text._ZN17LiquidCrystal_I2C5beginEhhh
                0x08006778       0xe8 .pio/build/bluepill_f103c8/libf8d/libLiquidCrystal_I2C.a(LiquidCrystal_I2C.cpp.o)
                0x08006778                LiquidCrystal_I2C::begin(unsigned char, unsigned char, unsigned char)
 .text.eeprom_buffer_fill
                0x08006860       0x18 .pio/build/bluepill_f103c8/liba69/libEEPROM.a(stm32_eeprom.c.o)
                0x08006860                eeprom_buffer_fill
 .text.eeprom_read_byte
                0x08006878       0x14 .pio/build/bluepill_f103c8/liba69/libEEPROM.a(stm32_eeprom.c.o)
                0x08006878                eeprom_read_byte
 .text.eeprom_buffer_flush
                0x0800688c       0x5c .pio/build/bluepill_f103c8/liba69/libEEPROM.a(stm32_eeprom.c.o)
                0x0800688c                eeprom_buffer_flush
 .text.eeprom_write_byte
                0x080068e8        0xc .pio/build/bluepill_f103c8/liba69/libEEPROM.a(stm32_eeprom.c.o)
                0x080068e8                eeprom_write_byte
 .text._ZN5Print5writeEPKhj
                0x080068f4       0x2c .pio/build/bluepill_f103c8/libFrameworkArduino.a(Print.cpp.o)
                0x080068f4                Print::write(unsigned char const*, unsigned int)
 .text._ZN5Print5writeEPKc
                0x08006920       0x20 .pio/build/bluepill_f103c8/libFrameworkArduino.a(Print.cpp.o)
                0x08006920                Print::write(char const*)
 .text._ZN5Print5printEPKc
                0x08006940        0x8 .pio/build/bluepill_f103c8/libFrameworkArduino.a(Print.cpp.o)
                0x08006940                Print::print(char const*)
 .text._ZN5Print5printEc
                0x08006948        0x6 .pio/build/bluepill_f103c8/libFrameworkArduino.a(Print.cpp.o)
                0x08006948                Print::print(char)
 .text._ZN5Print11printNumberEmh
                0x0800694e       0x3a .pio/build/bluepill_f103c8/libFrameworkArduino.a(Print.cpp.o)
                0x0800694e                Print::printNumber(unsigned long, unsigned char)
 .text._ZN5Print5printEli
                0x08006988       0x44 .pio/build/bluepill_f103c8/libFrameworkArduino.a(Print.cpp.o)
                0x08006988                Print::print(long, int)
 .text._ZN5Print5printEii
                0x080069cc        0x4 .pio/build/bluepill_f103c8/libFrameworkArduino.a(Print.cpp.o)
                0x080069cc                Print::print(int, int)
 .text._ZN5Print10printFloatIfEEjT_h
                0x080069d0      0x120 .pio/build/bluepill_f103c8/libFrameworkArduino.a(Print.cpp.o)
                0x080069d0                unsigned int Print::printFloat<float>(float, unsigned char)
 .text._ZN5Print5printEfi
                0x08006af0        0xa .pio/build/bluepill_f103c8/libFrameworkArduino.a(Print.cpp.o)
                0x08006af0                Print::print(float, int)
 *fill*         0x08006afa        0x2 
 .text._Z15attachInterruptmSt8functionIFvvEEm
                0x08006afc       0xd0 .pio/build/bluepill_f103c8/libFrameworkArduino.a(WInterrupts.cpp.o)
                0x08006afc                attachInterrupt(unsigned long, std::function<void ()>, unsigned long)
 .text.startup._Z7premainv
                0x08006bcc       0x10 .pio/build/bluepill_f103c8/libFrameworkArduino.a(main.cpp.o)
                0x08006bcc                premain()
 .text.startup.main
                0x08006bdc       0x14 .pio/build/bluepill_f103c8/libFrameworkArduino.a(main.cpp.o)
                0x08006bdc                main
 .text.analogInputToPinName
                0x08006bf0       0x80 .pio/build/bluepill_f103c8/libFrameworkArduino.a(pins_arduino.c.o)
                0x08006bf0                analogInputToPinName
 .text.mapResolution
                0x08006c70       0x26 .pio/build/bluepill_f103c8/libFrameworkArduino.a(wiring_analog.c.o)
 *fill*         0x08006c96        0x2 
 .text.analogRead
                0x08006c98       0x2c .pio/build/bluepill_f103c8/libFrameworkArduino.a(wiring_analog.c.o)
                0x08006c98                analogRead
 .text.pinMode  0x08006cc4       0xbc .pio/build/bluepill_f103c8/libFrameworkArduino.a(wiring_digital.c.o)
                0x08006cc4                pinMode
 .text.digitalWrite
                0x08006d80       0x74 .pio/build/bluepill_f103c8/libFrameworkArduino.a(wiring_digital.c.o)
                0x08006d80                digitalWrite
 .text.digitalRead
                0x08006df4       0x7c .pio/build/bluepill_f103c8/libFrameworkArduino.a(wiring_digital.c.o)
                0x08006df4                digitalRead
 .text.millis   0x08006e70        0x4 .pio/build/bluepill_f103c8/libFrameworkArduino.a(wiring_time.c.o)
                0x08006e70                millis
 .text.micros   0x08006e74        0x4 .pio/build/bluepill_f103c8/libFrameworkArduino.a(wiring_time.c.o)
                0x08006e74                micros
 .text.delay    0x08006e78       0x1c .pio/build/bluepill_f103c8/libFrameworkArduino.a(wiring_time.c.o)
                0x08006e78                delay
 .text._Z14serialEventRunv
                0x08006e94       0x1c .pio/build/bluepill_f103c8/libFrameworkArduino.a(WSerial.cpp.o)
                0x08006e94                serialEventRun()
 .text.init     0x08006eb0        0x4 .pio/build/bluepill_f103c8/libFrameworkArduino.a(board.c.o)
                0x08006eb0                init
 .text.__empty  0x08006eb4        0x2 .pio/build/bluepill_f103c8/libFrameworkArduino.a(hooks.c.o)
                0x08006eb4                yield
 .text._ZN14HardwareSerial9availableEv
                0x08006eb6       0x10 .pio/build/bluepill_f103c8/libFrameworkArduino.a(HardwareSerial.cpp.o)
                0x08006eb6                HardwareSerial::available()
 .text._ZN14HardwareSerial4peekEv
                0x08006ec6       0x1a .pio/build/bluepill_f103c8/libFrameworkArduino.a(HardwareSerial.cpp.o)
                0x08006ec6                HardwareSerial::peek()
 .text._ZN14HardwareSerial17availableForWriteEv
                0x08006ee0       0x1c .pio/build/bluepill_f103c8/libFrameworkArduino.a(HardwareSerial.cpp.o)
                0x08006ee0                HardwareSerial::availableForWrite()
 .text._ZN14HardwareSerial5writeEh
                0x08006efc       0x18 .pio/build/bluepill_f103c8/libFrameworkArduino.a(HardwareSerial.cpp.o)
                0x08006efc                HardwareSerial::write(unsigned char)
 .text._ZN14HardwareSerial16_tx_complete_irqEP8serial_s
                0x08006f14       0x60 .pio/build/bluepill_f103c8/libFrameworkArduino.a(HardwareSerial.cpp.o)
                0x08006f14                HardwareSerial::_tx_complete_irq(serial_s*)
 .text._ZN14HardwareSerial5writeEPKhj
                0x08006f74       0xe4 .pio/build/bluepill_f103c8/libFrameworkArduino.a(HardwareSerial.cpp.o)
                0x08006f74                HardwareSerial::write(unsigned char const*, unsigned int)
 .text._ZN14HardwareSerial4initE7PinNameS0_S0_S0_
                0x08007058       0x32 .pio/build/bluepill_f103c8/libFrameworkArduino.a(HardwareSerial.cpp.o)
                0x08007058                HardwareSerial::init(PinName, PinName, PinName, PinName)
 *fill*         0x0800708a        0x2 
 .text._ZN14HardwareSerialC2EPv16HalfDuplexMode_t
                0x0800708c       0x94 .pio/build/bluepill_f103c8/libFrameworkArduino.a(HardwareSerial.cpp.o)
                0x0800708c                HardwareSerial::HardwareSerial(void*, HalfDuplexMode_t)
                0x0800708c                HardwareSerial::HardwareSerial(void*, HalfDuplexMode_t)
 .text._ZN14HardwareSerial5flushEm
                0x08007120       0x36 .pio/build/bluepill_f103c8/libFrameworkArduino.a(HardwareSerial.cpp.o)
                0x08007120                HardwareSerial::flush(unsigned long)
 .text._ZN14HardwareSerial5flushEv
                0x08007156        0x6 .pio/build/bluepill_f103c8/libFrameworkArduino.a(HardwareSerial.cpp.o)
                0x08007156                HardwareSerial::flush()
 .text._ZN14HardwareSerial18enableHalfDuplexRxEv
                0x0800715c       0x2c .pio/build/bluepill_f103c8/libFrameworkArduino.a(HardwareSerial.cpp.o)
                0x0800715c                HardwareSerial::enableHalfDuplexRx()
 .text._ZN14HardwareSerial4readEv
                0x08007188       0x2e .pio/build/bluepill_f103c8/libFrameworkArduino.a(HardwareSerial.cpp.o)
                0x08007188                HardwareSerial::read()
 *fill*         0x080071b6        0x2 
 .text.startup._GLOBAL__sub_I_Serial1
                0x080071b8       0x14 .pio/build/bluepill_f103c8/libFrameworkArduino.a(HardwareSerial.cpp.o)
 .text._ZN6Stream9timedReadEv
                0x080071cc       0x2a .pio/build/bluepill_f103c8/libFrameworkArduino.a(Stream.cpp.o)
                0x080071cc                Stream::timedRead()
 .text._ZN6Stream9readBytesEPcj
                0x080071f6       0x22 .pio/build/bluepill_f103c8/libFrameworkArduino.a(Stream.cpp.o)
                0x080071f6                Stream::readBytes(char*, unsigned int)
 .text._ZN6Stream14readBytesUntilEcPcj
                0x08007218       0x30 .pio/build/bluepill_f103c8/libFrameworkArduino.a(Stream.cpp.o)
                0x08007218                Stream::readBytesUntil(char, char*, unsigned int)
 .text.unlikely._ZSt25__throw_bad_function_callv
                0x08007248        0x6 /home/alpri/.platformio/packages/toolchain-gccarmnoneeabi/bin/../lib/gcc/arm-none-eabi/12.3.1/../../../../arm-none-eabi/lib/thumb/v7-m/nofp/libstdc++_nano.a(functional.o)
                0x08007248                std::__throw_bad_function_call()
 .text._ZN7TwoWire9availableEv
                0x0800724e        0x8 .pio/build/bluepill_f103c8/lib302/libWire.a(Wire.cpp.o)
                0x0800724e                TwoWire::available()
 .text._ZN7TwoWire4readEv
                0x08007256       0x1a .pio/build/bluepill_f103c8/lib302/libWire.a(Wire.cpp.o)
                0x08007256                TwoWire::read()
 .text._ZN7TwoWire4peekEv
                0x08007270       0x12 .pio/build/bluepill_f103c8/lib302/libWire.a(Wire.cpp.o)
                0x08007270                TwoWire::peek()
 *fill*         0x08007282        0x2 
 .text._ZN7TwoWireC2Emm
                0x08007284       0xcc .pio/build/bluepill_f103c8/lib302/libWire.a(Wire.cpp.o)
                0x08007284                TwoWire::TwoWire(unsigned long, unsigned long)
                0x08007284                TwoWire::TwoWire(unsigned long, unsigned long)
 .text._ZN7TwoWire3endEv
                0x08007350       0x28 .pio/build/bluepill_f103c8/lib302/libWire.a(Wire.cpp.o)
                0x08007350                TwoWire::end()
 .text._ZN7TwoWireD2Ev
                0x08007378       0x28 .pio/build/bluepill_f103c8/lib302/libWire.a(Wire.cpp.o)
                0x08007378                TwoWire::~TwoWire()
                0x08007378                TwoWire::~TwoWire()
 .text._ZN7TwoWire17beginTransmissionEh
                0x080073a0       0x10 .pio/build/bluepill_f103c8/lib302/libWire.a(Wire.cpp.o)
                0x080073a0                TwoWire::beginTransmission(unsigned char)
 .text._ZN7TwoWire16allocateTxBufferEj
                0x080073b0       0x32 .pio/build/bluepill_f103c8/lib302/libWire.a(Wire.cpp.o)
                0x080073b0                TwoWire::allocateTxBuffer(unsigned int)
 .text._ZN7TwoWire5writeEh
                0x080073e2       0x42 .pio/build/bluepill_f103c8/lib302/libWire.a(Wire.cpp.o)
                0x080073e2                TwoWire::write(unsigned char)
 .text._ZN7TwoWire5writeEPKhj
                0x08007424       0x42 .pio/build/bluepill_f103c8/lib302/libWire.a(Wire.cpp.o)
                0x08007424                TwoWire::write(unsigned char const*, unsigned int)
 .text._ZN7TwoWire13resetRxBufferEv
                0x08007466       0x10 .pio/build/bluepill_f103c8/lib302/libWire.a(Wire.cpp.o)
                0x08007466                TwoWire::resetRxBuffer()
 .text._ZN7TwoWire13resetTxBufferEv
                0x08007476       0x10 .pio/build/bluepill_f103c8/lib302/libWire.a(Wire.cpp.o)
                0x08007476                TwoWire::resetTxBuffer()
 .text._ZN7TwoWire15endTransmissionEh
                0x08007486       0x46 .pio/build/bluepill_f103c8/lib302/libWire.a(Wire.cpp.o)
                0x08007486                TwoWire::endTransmission(unsigned char)
 .text._ZN7TwoWire15endTransmissionEv
                0x080074cc        0x6 .pio/build/bluepill_f103c8/lib302/libWire.a(Wire.cpp.o)
                0x080074cc                TwoWire::endTransmission()
 .text._ZN7TwoWire5flushEv
                0x080074d2       0x18 .pio/build/bluepill_f103c8/lib302/libWire.a(Wire.cpp.o)
                0x080074d2                TwoWire::flush()
 *fill*         0x080074ea        0x2 
 .text.startup._GLOBAL__sub_I__ZN7TwoWireC2Emm
                0x080074ec       0x10 .pio/build/bluepill_f103c8/lib302/libWire.a(Wire.cpp.o)
 .text.exit._GLOBAL__sub_D__ZN7TwoWireC2Emm
                0x080074fc        0xc .pio/build/bluepill_f103c8/lib302/libWire.a(Wire.cpp.o)
 .text.i2c_deinit
                0x08007508       0x7c .pio/build/bluepill_f103c8/lib302/libWire.a(twi.c.o)
                0x08007508                i2c_deinit
 .text.i2c_slave_write_IT
                0x08007584       0x34 .pio/build/bluepill_f103c8/lib302/libWire.a(twi.c.o)
                0x08007584                i2c_slave_write_IT
 .text.i2c_IsDeviceReady
                0x080075b8       0x40 .pio/build/bluepill_f103c8/lib302/libWire.a(twi.c.o)
                0x080075b8                i2c_IsDeviceReady
 .text.i2c_master_write
                0x080075f8       0xa2 .pio/build/bluepill_f103c8/lib302/libWire.a(twi.c.o)
                0x080075f8                i2c_master_write
 .text.HAL_I2C_AddrCallback
                0x0800769a       0x68 .pio/build/bluepill_f103c8/lib302/libWire.a(twi.c.o)
                0x0800769a                HAL_I2C_AddrCallback
 .text.HAL_I2C_ListenCpltCallback
                0x08007702       0x2a .pio/build/bluepill_f103c8/lib302/libWire.a(twi.c.o)
                0x08007702                HAL_I2C_ListenCpltCallback
 .text.HAL_I2C_SlaveRxCpltCallback
                0x0800772c       0x24 .pio/build/bluepill_f103c8/lib302/libWire.a(twi.c.o)
                0x0800772c                HAL_I2C_SlaveRxCpltCallback
 .text.HAL_I2C_SlaveTxCpltCallback
                0x08007750        0x8 .pio/build/bluepill_f103c8/lib302/libWire.a(twi.c.o)
                0x08007750                HAL_I2C_SlaveTxCpltCallback
 .text.HAL_I2C_ErrorCallback
                0x08007758        0xc .pio/build/bluepill_f103c8/lib302/libWire.a(twi.c.o)
                0x08007758                HAL_I2C_ErrorCallback
 .text.I2C1_EV_IRQHandler
                0x08007764        0xc .pio/build/bluepill_f103c8/lib302/libWire.a(twi.c.o)
                0x08007764                I2C1_EV_IRQHandler
 .text.I2C1_ER_IRQHandler
                0x08007770        0xc .pio/build/bluepill_f103c8/lib302/libWire.a(twi.c.o)
                0x08007770                I2C1_ER_IRQHandler
 .text.I2C2_EV_IRQHandler
                0x0800777c        0xc .pio/build/bluepill_f103c8/lib302/libWire.a(twi.c.o)
                0x0800777c                I2C2_EV_IRQHandler
 .text.I2C2_ER_IRQHandler
                0x08007788        0xc .pio/build/bluepill_f103c8/lib302/libWire.a(twi.c.o)
                0x08007788                I2C2_ER_IRQHandler
 .text.abort    0x08007794        0xe /home/alpri/.platformio/packages/toolchain-gccarmnoneeabi/bin/../lib/gcc/arm-none-eabi/12.3.1/../../../../arm-none-eabi/lib/thumb/v7-m/nofp/libc_nano.a(libc_a-abort.o)
                0x08007794                abort
 *fill*         0x080077a2        0x2 
 .text.malloc   0x080077a4       0x10 /home/alpri/.platformio/packages/toolchain-gccarmnoneeabi/bin/../lib/gcc/arm-none-eabi/12.3.1/../../../../arm-none-eabi/lib/thumb/v7-m/nofp/libc_nano.a(libc_a-malloc.o)
                0x080077a4                malloc
 .text.free     0x080077b4       0x10 /home/alpri/.platformio/packages/toolchain-gccarmnoneeabi/bin/../lib/gcc/arm-none-eabi/12.3.1/../../../../arm-none-eabi/lib/thumb/v7-m/nofp/libc_nano.a(libc_a-malloc.o)
                0x080077b4                free
 .text.sbrk_aligned
                0x080077c4       0x44 /home/alpri/.platformio/packages/toolchain-gccarmnoneeabi/bin/../lib/gcc/arm-none-eabi/12.3.1/../../../../arm-none-eabi/lib/thumb/v7-m/nofp/libc_nano.a(libc_a-mallocr.o)
 .text._malloc_r
                0x08007808      0x100 /home/alpri/.platformio/packages/toolchain-gccarmnoneeabi/bin/../lib/gcc/arm-none-eabi/12.3.1/../../../../arm-none-eabi/lib/thumb/v7-m/nofp/libc_nano.a(libc_a-mallocr.o)
                0x08007808                _malloc_r
 .text.__malloc_lock
                0x08007908        0xc /home/alpri/.platformio/packages/toolchain-gccarmnoneeabi/bin/../lib/gcc/arm-none-eabi/12.3.1/../../../../arm-none-eabi/lib/thumb/v7-m/nofp/libc_nano.a(libc_a-mlock.o)
                0x08007908                __malloc_lock
 .text.__malloc_unlock
                0x08007914        0xc /home/alpri/.platformio/packages/toolchain-gccarmnoneeabi/bin/../lib/gcc/arm-none-eabi/12.3.1/../../../../arm-none-eabi/lib/thumb/v7-m/nofp/libc_nano.a(libc_a-mlock.o)
                0x08007914                __malloc_unlock
 .text.realloc  0x08007920       0x10 /home/alpri/.platformio/packages/toolchain-gccarmnoneeabi/bin/../lib/gcc/arm-none-eabi/12.3.1/../../../../arm-none-eabi/lib/thumb/v7-m/nofp/libc_nano.a(libc_a-realloc.o)
                0x08007920                realloc
 .text._realloc_r
                0x08007930       0x5c /home/alpri/.platformio/packages/toolchain-gccarmnoneeabi/bin/../lib/gcc/arm-none-eabi/12.3.1/../../../../arm-none-eabi/lib/thumb/v7-m/nofp/libc_nano.a(libc_a-reallocr.o)
                0x08007930                _realloc_r
 .text.memset   0x0800798c       0x10 /home/alpri/.platformio/packages/toolchain-gccarmnoneeabi/bin/../lib/gcc/arm-none-eabi/12.3.1/../../../../arm-none-eabi/lib/thumb/v7-m/nofp/libc_nano.a(libc_a-memset.o)
                0x0800798c                memset
 .text._raise_r
                0x0800799c       0x50 /home/alpri/.platformio/packages/toolchain-gccarmnoneeabi/bin/../lib/gcc/arm-none-eabi/12.3.1/../../../../arm-none-eabi/lib/thumb/v7-m/nofp/libc_nano.a(libc_a-signal.o)
                0x0800799c                _raise_r
 .text.raise    0x080079ec       0x10 /home/alpri/.platformio/packages/toolchain-gccarmnoneeabi/bin/../lib/gcc/arm-none-eabi/12.3.1/../../../../arm-none-eabi/lib/thumb/v7-m/nofp/libc_nano.a(libc_a-signal.o)
                0x080079ec                raise
 .text._kill_r  0x080079fc       0x24 /home/alpri/.platformio/packages/toolchain-gccarmnoneeabi/bin/../lib/gcc/arm-none-eabi/12.3.1/../../../../arm-none-eabi/lib/thumb/v7-m/nofp/libc_nano.a(libc_a-signalr.o)
                0x080079fc                _kill_r
 .text._getpid_r
                0x08007a20        0x4 /home/alpri/.platformio/packages/toolchain-gccarmnoneeabi/bin/../lib/gcc/arm-none-eabi/12.3.1/../../../../arm-none-eabi/lib/thumb/v7-m/nofp/libc_nano.a(libc_a-signalr.o)
                0x08007a20                _getpid_r
 .text._sbrk_r  0x08007a24       0x20 /home/alpri/.platformio/packages/toolchain-gccarmnoneeabi/bin/../lib/gcc/arm-none-eabi/12.3.1/../../../../arm-none-eabi/lib/thumb/v7-m/nofp/libc_nano.a(libc_a-sbrkr.o)
                0x08007a24                _sbrk_r
 .text.__libc_init_array
                0x08007a44       0x48 /home/alpri/.platformio/packages/toolchain-gccarmnoneeabi/bin/../lib/gcc/arm-none-eabi/12.3.1/../../../../arm-none-eabi/lib/thumb/v7-m/nofp/libc_nano.a(libc_a-init.o)
                0x08007a44                __libc_init_array
 .text.__retarget_lock_acquire_recursive
                0x08007a8c        0x2 /home/alpri/.platformio/packages/toolchain-gccarmnoneeabi/bin/../lib/gcc/arm-none-eabi/12.3.1/../../../../arm-none-eabi/lib/thumb/v7-m/nofp/libc_nano.a(libc_a-lock.o)
                0x08007a8c                __retarget_lock_acquire_recursive
 .text.__retarget_lock_release_recursive
                0x08007a8e        0x2 /home/alpri/.platformio/packages/toolchain-gccarmnoneeabi/bin/../lib/gcc/arm-none-eabi/12.3.1/../../../../arm-none-eabi/lib/thumb/v7-m/nofp/libc_nano.a(libc_a-lock.o)
                0x08007a8e                __retarget_lock_release_recursive
 .text.memcpy   0x08007a90       0x1c /home/alpri/.platformio/packages/toolchain-gccarmnoneeabi/bin/../lib/gcc/arm-none-eabi/12.3.1/../../../../arm-none-eabi/lib/thumb/v7-m/nofp/libc_nano.a(libc_a-memcpy-stub.o)
                0x08007a90                memcpy
 .text._free_r  0x08007aac       0x90 /home/alpri/.platformio/packages/toolchain-gccarmnoneeabi/bin/../lib/gcc/arm-none-eabi/12.3.1/../../../../arm-none-eabi/lib/thumb/v7-m/nofp/libc_nano.a(libc_a-freer.o)
                0x08007aac                _free_r
 .text._malloc_usable_size_r
                0x08007b3c       0x10 /home/alpri/.platformio/packages/toolchain-gccarmnoneeabi/bin/../lib/gcc/arm-none-eabi/12.3.1/../../../../arm-none-eabi/lib/thumb/v7-m/nofp/libc_nano.a(libc_a-msizer.o)
                0x08007b3c                _malloc_usable_size_r
 *(.glue_7)
 .glue_7        0x08007b4c        0x0 linker stubs
 *(.glue_7t)
 .glue_7t       0x08007b4c        0x0 linker stubs
 *(.eh_frame)
 .eh_frame      0x08007b4c        0x0 /home/alpri/.platformio/packages/toolchain-gccarmnoneeabi/bin/../lib/gcc/arm-none-eabi/12.3.1/thumb/v7-m/nofp/crtbegin.o
 *(.init)
 .init          0x08007b4c        0x4 /home/alpri/.platformio/packages/toolchain-gccarmnoneeabi/bin/../lib/gcc/arm-none-eabi/12.3.1/thumb/v7-m/nofp/crti.o
                0x08007b4c                _init
 .init          0x08007b50        0x8 /home/alpri/.platformio/packages/toolchain-gccarmnoneeabi/bin/../lib/gcc/arm-none-eabi/12.3.1/thumb/v7-m/nofp/crtn.o
 *(.fini)
 .fini          0x08007b58        0x4 /home/alpri/.platformio/packages/toolchain-gccarmnoneeabi/bin/../lib/gcc/arm-none-eabi/12.3.1/thumb/v7-m/nofp/crti.o
                0x08007b58                _fini
 .fini          0x08007b5c        0x8 /home/alpri/.platformio/packages/toolchain-gccarmnoneeabi/bin/../lib/gcc/arm-none-eabi/12.3.1/thumb/v7-m/nofp/crtn.o
                0x08007b64                        . = ALIGN (0x4)
                0x08007b64                        _etext = .

.vfp11_veneer   0x08007b64        0x0
 .vfp11_veneer  0x08007b64        0x0 linker stubs

.v4_bx          0x08007b64        0x0
 .v4_bx         0x08007b64        0x0 linker stubs

.iplt           0x08007b64        0x0
 .iplt          0x08007b64        0x0 /home/alpri/.platformio/packages/toolchain-gccarmnoneeabi/bin/../lib/gcc/arm-none-eabi/12.3.1/thumb/v7-m/nofp/crtbegin.o

.rodata         0x08007b64      0x694
                0x08007b64                        . = ALIGN (0x4)
 *(.rodata)
 .rodata        0x08007b64        0x8 .pio/build/bluepill_f103c8/src/display.cpp.o
 .rodata        0x08007b6c       0x10 .pio/build/bluepill_f103c8/libf8d/libLiquidCrystal_I2C.a(LiquidCrystal_I2C.cpp.o)
 *(.rodata*)
 .rodata.PinMap_UART_RX
                0x08007b7c       0x3c .pio/build/bluepill_f103c8/FrameworkArduinoVariant/PeripheralPins.c.o
                0x08007b7c                PinMap_UART_RX
 .rodata.PinMap_UART_TX
                0x08007bb8       0x3c .pio/build/bluepill_f103c8/FrameworkArduinoVariant/PeripheralPins.c.o
                0x08007bb8                PinMap_UART_TX
 .rodata.PinMap_TIM
                0x08007bf4      0x204 .pio/build/bluepill_f103c8/FrameworkArduinoVariant/PeripheralPins.c.o
                0x08007bf4                PinMap_TIM
 .rodata.PinMap_ADC
                0x08007df8       0xfc .pio/build/bluepill_f103c8/FrameworkArduinoVariant/PeripheralPins.c.o
                0x08007df8                PinMap_ADC
 .rodata.analogInputPin
                0x08007ef4       0x28 .pio/build/bluepill_f103c8/FrameworkArduinoVariant/variant_PILL_F103Cx.cpp.o
                0x08007ef4                analogInputPin
 .rodata.digitalPin
                0x08007f1c       0x8c .pio/build/bluepill_f103c8/FrameworkArduinoVariant/variant_PILL_F103Cx.cpp.o
                0x08007f1c                digitalPin
 .rodata.aPredivFactorTable.0
                0x08007fa8        0x2 .pio/build/bluepill_f103c8/SrcWrapper/src/HAL/stm32yyxx_hal_rcc.c.o
 .rodata.aPLLMULFactorTable.1
                0x08007faa       0x10 .pio/build/bluepill_f103c8/SrcWrapper/src/HAL/stm32yyxx_hal_rcc.c.o
 .rodata.aPredivFactorTable.0
                0x08007fba        0x2 .pio/build/bluepill_f103c8/SrcWrapper/src/HAL/stm32yyxx_hal_rcc_ex.c.o
 .rodata.aPLLMULFactorTable.1
                0x08007fbc       0x10 .pio/build/bluepill_f103c8/SrcWrapper/src/HAL/stm32yyxx_hal_rcc_ex.c.o
 .rodata.pin_map_ll
                0x08007fcc       0x40 .pio/build/bluepill_f103c8/SrcWrapper/src/stm32/pinmap.c.o
                0x08007fcc                pin_map_ll
 .rodata.APBPrescTable
                0x0800800c        0x8 .pio/build/bluepill_f103c8/SrcWrapper/src/stm32/system_stm32yyxx.c.o
                0x0800800c                APBPrescTable
 .rodata.AHBPrescTable
                0x08008014       0x10 .pio/build/bluepill_f103c8/SrcWrapper/src/stm32/system_stm32yyxx.c.o
                0x08008014                AHBPrescTable
 .rodata._ZN7Display8drawFullEmm.str1.1
                0x08008024       0x14 .pio/build/bluepill_f103c8/src/display.cpp.o
                                 0x27 (size before relaxing)
 .rodata._ZN7Display14drawWithTargetEmmt.str1.1
                0x08008038       0x32 .pio/build/bluepill_f103c8/src/display.cpp.o
                                 0x3e (size before relaxing)
 .rodata._ZN7Display13printMenuItemEhhPKcb.str1.1
                0x0800806a        0xd .pio/build/bluepill_f103c8/src/display.cpp.o
                                 0x11 (size before relaxing)
 .rodata._ZN7Display16showSplashScreenEftbb.str1.1
                0x08008077       0x58 .pio/build/bluepill_f103c8/src/display.cpp.o
 .rodata._ZN7Display12showMainMenuEh.str1.1
                0x080080cf       0x21 .pio/build/bluepill_f103c8/src/display.cpp.o
                                 0x2d (size before relaxing)
 .rodata._ZN7Display16showSetAngleMenuEth.str1.1
                0x080080f0       0x21 .pio/build/bluepill_f103c8/src/display.cpp.o
                                 0x2a (size before relaxing)
 .rodata._ZN7Display16showSettingsMenuEh.str1.1
                0x08008111       0x25 .pio/build/bluepill_f103c8/src/display.cpp.o
                                 0x28 (size before relaxing)
 .rodata.str1.1
                0x08008136       0x14 .pio/build/bluepill_f103c8/src/display.cpp.o
 *fill*         0x0800814a        0x2 
 .rodata.CSWTCH.59
                0x0800814c        0xc .pio/build/bluepill_f103c8/src/display.cpp.o
 .rodata.loop.str1.1
                0x08008158       0x21 .pio/build/bluepill_f103c8/src/main.cpp.o
                                 0x22 (size before relaxing)
 *fill*         0x08008179        0x3 
 .rodata._ZTV17LiquidCrystal_I2C
                0x0800817c       0x18 .pio/build/bluepill_f103c8/libf8d/libLiquidCrystal_I2C.a(LiquidCrystal_I2C.cpp.o)
                0x0800817c                vtable for LiquidCrystal_I2C
 .rodata._ZN5Print10printFloatIfEEjT_h.str1.1
                0x08008194        0xc .pio/build/bluepill_f103c8/libFrameworkArduino.a(Print.cpp.o)
 .rodata._ZTV14HardwareSerial
                0x080081a0       0x2c .pio/build/bluepill_f103c8/libFrameworkArduino.a(HardwareSerial.cpp.o)
                0x080081a0                vtable for HardwareSerial
 .rodata._ZTV7TwoWire
                0x080081cc       0x2c .pio/build/bluepill_f103c8/lib302/libWire.a(Wire.cpp.o)
                0x080081cc                vtable for TwoWire
                0x080081f8                        . = ALIGN (0x4)

.ARM.extab      0x080081f8        0x0
                0x080081f8                        . = ALIGN (0x4)
 *(.ARM.extab* .gnu.linkonce.armextab.*)
                0x080081f8                        . = ALIGN (0x4)

.ARM            0x080081f8        0x8
                0x080081f8                        . = ALIGN (0x4)
                0x080081f8                        __exidx_start = .
 *(.ARM.exidx*)
 .ARM.exidx     0x080081f8        0x8 /home/alpri/.platformio/packages/toolchain-gccarmnoneeabi/bin/../lib/gcc/arm-none-eabi/12.3.1/../../../../arm-none-eabi/lib/thumb/v7-m/nofp/libc_nano.a(libc_a-strcmp.o)
 .ARM.exidx     0x08008200        0x0 /home/alpri/.platformio/packages/toolchain-gccarmnoneeabi/bin/../lib/gcc/arm-none-eabi/12.3.1/../../../../arm-none-eabi/lib/thumb/v7-m/nofp/libc_nano.a(libc_a-strlen.o)
                                  0x8 (size before relaxing)
                0x08008200                        __exidx_end = .
                0x08008200                        . = ALIGN (0x4)

.preinit_array  0x08008200        0x0
                0x08008200                        . = ALIGN (0x4)
                0x08008200                        PROVIDE (__preinit_array_start = .)
 *(.preinit_array*)
                0x08008200                        PROVIDE (__preinit_array_end = .)
                0x08008200                        . = ALIGN (0x4)

.init_array     0x08008200       0x18
                0x08008200                        . = ALIGN (0x4)
                0x08008200                        PROVIDE (__init_array_start = .)
 *(SORT_BY_NAME(.init_array.*))
 .init_array.00101
                0x08008200        0x4 .pio/build/bluepill_f103c8/libFrameworkArduino.a(main.cpp.o)
 *(.init_array*)
 .init_array    0x08008204        0x4 /home/alpri/.platformio/packages/toolchain-gccarmnoneeabi/bin/../lib/gcc/arm-none-eabi/12.3.1/thumb/v7-m/nofp/crtbegin.o
 .init_array    0x08008208        0x4 .pio/build/bluepill_f103c8/SrcWrapper/src/stm32/interrupt.cpp.o
 .init_array    0x0800820c        0x4 .pio/build/bluepill_f103c8/src/main.cpp.o
 .init_array    0x08008210        0x4 .pio/build/bluepill_f103c8/libFrameworkArduino.a(HardwareSerial.cpp.o)
 .init_array    0x08008214        0x4 .pio/build/bluepill_f103c8/lib302/libWire.a(Wire.cpp.o)
                0x08008218                        PROVIDE (__init_array_end = .)
                0x08008218                        . = ALIGN (0x4)

.fini_array     0x08008218        0xc
                0x08008218                        . = ALIGN (0x4)
                0x08008218                        PROVIDE (__fini_array_start = .)
 *(SORT_BY_NAME(.fini_array.*))
 *(.fini_array*)
 .fini_array    0x08008218        0x4 /home/alpri/.platformio/packages/toolchain-gccarmnoneeabi/bin/../lib/gcc/arm-none-eabi/12.3.1/thumb/v7-m/nofp/crtbegin.o
 .fini_array    0x0800821c        0x4 .pio/build/bluepill_f103c8/SrcWrapper/src/stm32/interrupt.cpp.o
 .fini_array    0x08008220        0x4 .pio/build/bluepill_f103c8/lib302/libWire.a(Wire.cpp.o)
                0x08008224                        PROVIDE (__fini_array_end = .)
                0x08008224                        . = ALIGN (0x4)
                0x08008224                        _sidata = LOADADDR (.data)

.rel.dyn        0x08008224        0x0
 .rel.iplt      0x08008224        0x0 /home/alpri/.platformio/packages/toolchain-gccarmnoneeabi/bin/../lib/gcc/arm-none-eabi/12.3.1/thumb/v7-m/nofp/crtbegin.o

.data           0x20000000       0xa0 load address 0x08008224
                0x20000000                        . = ALIGN (0x4)
                0x20000000                        _sdata = .
 *(.data)
 *(.data*)
 .data.uwTickFreq
                0x20000000        0x1 .pio/build/bluepill_f103c8/SrcWrapper/src/HAL/stm32yyxx_hal.c.o
                0x20000000                uwTickFreq
 *fill*         0x20000001        0x3 
 .data.uwTickPrio
                0x20000004        0x4 .pio/build/bluepill_f103c8/SrcWrapper/src/HAL/stm32yyxx_hal.c.o
                0x20000004                uwTickPrio
 .data.GPIOPort
                0x20000008       0x14 .pio/build/bluepill_f103c8/SrcWrapper/src/stm32/PortNames.c.o
                0x20000008                GPIOPort
 .data._ZL13g_current_pin
                0x2000001c        0x4 .pio/build/bluepill_f103c8/SrcWrapper/src/stm32/analog.cpp.o
 .data.hcrc     0x20000020        0x8 .pio/build/bluepill_f103c8/SrcWrapper/src/stm32/hw_config.c.o
                0x20000020                hcrc
 .data.SystemCoreClock
                0x20000028        0x4 .pio/build/bluepill_f103c8/SrcWrapper/src/stm32/system_stm32yyxx.c.o
                0x20000028                SystemCoreClock
 .data.heap_end.0
                0x2000002c        0x4 .pio/build/bluepill_f103c8/SrcWrapper/src/syscalls.c.o
 .data._ZZN7Display16showSettingsMenuEhE13lastDirection
                0x20000030        0x1 .pio/build/bluepill_f103c8/src/display.cpp.o
 .data._ZZN7Display16showSetAngleMenuEthE13lastDigitMode
                0x20000031        0x1 .pio/build/bluepill_f103c8/src/display.cpp.o
 .data._ZZN7Display16showSetAngleMenuEthE15lastTargetAngle
                0x20000032        0x2 .pio/build/bluepill_f103c8/src/display.cpp.o
 .data._ZZN7Display12showMainMenuEhE16lastSelectedItem
                0x20000034        0x1 .pio/build/bluepill_f103c8/src/display.cpp.o
 .data._ZZN7Display16showSplashScreenEftbbE12firstDisplay
                0x20000035        0x1 .pio/build/bluepill_f103c8/src/display.cpp.o
 .data._ZZN7Display16showSplashScreenEftbbE16lastMotorEnabled
                0x20000036        0x1 .pio/build/bluepill_f103c8/src/display.cpp.o
 *fill*         0x20000037        0x1 
 .data._ZZN7Display16showSplashScreenEftbbE15lastTargetAngle
                0x20000038        0x2 .pio/build/bluepill_f103c8/src/display.cpp.o
 *fill*         0x2000003a        0x2 
 .data._ZZN7Display16showSplashScreenEftbbE20filteredEncoderAngle
                0x2000003c        0x4 .pio/build/bluepill_f103c8/src/display.cpp.o
 .data._ZZN7Display16showSplashScreenEftbbE16lastEncoderAngle
                0x20000040        0x4 .pio/build/bluepill_f103c8/src/display.cpp.o
 .data._ZZ4loopE14debouncedState
                0x20000044        0x1 .pio/build/bluepill_f103c8/src/main.cpp.o
 .data._ZZ4loopE12lastRawState
                0x20000045        0x1 .pio/build/bluepill_f103c8/src/main.cpp.o
 .data._ZZ4loopE20debouncedStateSplash
                0x20000046        0x1 .pio/build/bluepill_f103c8/src/main.cpp.o
 .data._ZZ4loopE18lastRawStateSplash
                0x20000047        0x1 .pio/build/bluepill_f103c8/src/main.cpp.o
 .data._internalReadResolution
                0x20000048        0x4 .pio/build/bluepill_f103c8/libFrameworkArduino.a(wiring_analog.c.o)
 .data._readResolution
                0x2000004c        0x4 .pio/build/bluepill_f103c8/libFrameworkArduino.a(wiring_analog.c.o)
 .data._impure_ptr
                0x20000050        0x4 /home/alpri/.platformio/packages/toolchain-gccarmnoneeabi/bin/../lib/gcc/arm-none-eabi/12.3.1/../../../../arm-none-eabi/lib/thumb/v7-m/nofp/libc_nano.a(libc_a-impure.o)
                0x20000050                _impure_ptr
 .data._impure_data
                0x20000054       0x4c /home/alpri/.platformio/packages/toolchain-gccarmnoneeabi/bin/../lib/gcc/arm-none-eabi/12.3.1/../../../../arm-none-eabi/lib/thumb/v7-m/nofp/libc_nano.a(libc_a-impure.o)
                0x20000054                _impure_data
 *(.RamFunc)
 *(.RamFunc*)
                0x200000a0                        . = ALIGN (0x4)
                0x200000a0                        _edata = .

.igot.plt       0x200000a0        0x0 load address 0x080082c4
 .igot.plt      0x200000a0        0x0 /home/alpri/.platformio/packages/toolchain-gccarmnoneeabi/bin/../lib/gcc/arm-none-eabi/12.3.1/thumb/v7-m/nofp/crtbegin.o
                0x200000a0                        . = ALIGN (0x4)

.bss            0x200000a0      0xa30 load address 0x080082c4
                0x200000a0                        _sbss = .
                0x200000a0                        __bss_start__ = _sbss
 *(.bss)
 *(.bss*)
 .bss.completed.1